Archive member included because of file (symbol)

c:/program files (x86)/atollic/truestudio for arm 5.4.2/armtools/bin/../lib/gcc/arm-atollic-eabi/4.8.3/../../../../arm-atollic-eabi/lib/armv7e-m/fpu\libc_s.a(lib_a-init.o)
                              src\startup_stm32f40xx.o (__libc_init_array)
c:/program files (x86)/atollic/truestudio for arm 5.4.2/armtools/bin/../lib/gcc/arm-atollic-eabi/4.8.3/../../../../arm-atollic-eabi/lib/armv7e-m/fpu\libc_s.a(lib_a-sprintf.o)
                              src\main.o (sprintf)
c:/program files (x86)/atollic/truestudio for arm 5.4.2/armtools/bin/../lib/gcc/arm-atollic-eabi/4.8.3/../../../../arm-atollic-eabi/lib/armv7e-m/fpu\libc_s.a(lib_a-svfprintf.o)
                              c:/program files (x86)/atollic/truestudio for arm 5.4.2/armtools/bin/../lib/gcc/arm-atollic-eabi/4.8.3/../../../../arm-atollic-eabi/lib/armv7e-m/fpu\libc_s.a(lib_a-sprintf.o) (_svfprintf_r)
c:/program files (x86)/atollic/truestudio for arm 5.4.2/armtools/bin/../lib/gcc/arm-atollic-eabi/4.8.3/../../../../arm-atollic-eabi/lib/armv7e-m/fpu\libc_s.a(lib_a-vfprintf_i.o)
                              c:/program files (x86)/atollic/truestudio for arm 5.4.2/armtools/bin/../lib/gcc/arm-atollic-eabi/4.8.3/../../../../arm-atollic-eabi/lib/armv7e-m/fpu\libc_s.a(lib_a-svfprintf.o) (_printf_i)
c:/program files (x86)/atollic/truestudio for arm 5.4.2/armtools/bin/../lib/gcc/arm-atollic-eabi/4.8.3/../../../../arm-atollic-eabi/lib/armv7e-m/fpu\libc_s.a(lib_a-impure.o)
                              c:/program files (x86)/atollic/truestudio for arm 5.4.2/armtools/bin/../lib/gcc/arm-atollic-eabi/4.8.3/../../../../arm-atollic-eabi/lib/armv7e-m/fpu\libc_s.a(lib_a-sprintf.o) (_impure_ptr)
c:/program files (x86)/atollic/truestudio for arm 5.4.2/armtools/bin/../lib/gcc/arm-atollic-eabi/4.8.3/../../../../arm-atollic-eabi/lib/armv7e-m/fpu\libc_s.a(lib_a-memchr-stub.o)
                              c:/program files (x86)/atollic/truestudio for arm 5.4.2/armtools/bin/../lib/gcc/arm-atollic-eabi/4.8.3/../../../../arm-atollic-eabi/lib/armv7e-m/fpu\libc_s.a(lib_a-svfprintf.o) (memchr)
c:/program files (x86)/atollic/truestudio for arm 5.4.2/armtools/bin/../lib/gcc/arm-atollic-eabi/4.8.3/../../../../arm-atollic-eabi/lib/armv7e-m/fpu\libc_s.a(lib_a-memcpy-stub.o)
                              c:/program files (x86)/atollic/truestudio for arm 5.4.2/armtools/bin/../lib/gcc/arm-atollic-eabi/4.8.3/../../../../arm-atollic-eabi/lib/armv7e-m/fpu\libc_s.a(lib_a-svfprintf.o) (memcpy)
c:/program files (x86)/atollic/truestudio for arm 5.4.2/armtools/bin/../lib/gcc/arm-atollic-eabi/4.8.3/../../../../arm-atollic-eabi/lib/armv7e-m/fpu\libc_s.a(lib_a-memmove.o)
                              c:/program files (x86)/atollic/truestudio for arm 5.4.2/armtools/bin/../lib/gcc/arm-atollic-eabi/4.8.3/../../../../arm-atollic-eabi/lib/armv7e-m/fpu\libc_s.a(lib_a-svfprintf.o) (memmove)
c:/program files (x86)/atollic/truestudio for arm 5.4.2/armtools/bin/../lib/gcc/arm-atollic-eabi/4.8.3/../../../../arm-atollic-eabi/lib/armv7e-m/fpu\libc_s.a(lib_a-nano-freer.o)
                              c:/program files (x86)/atollic/truestudio for arm 5.4.2/armtools/bin/../lib/gcc/arm-atollic-eabi/4.8.3/../../../../arm-atollic-eabi/lib/armv7e-m/fpu\libc_s.a(lib_a-svfprintf.o) (_free_r)
c:/program files (x86)/atollic/truestudio for arm 5.4.2/armtools/bin/../lib/gcc/arm-atollic-eabi/4.8.3/../../../../arm-atollic-eabi/lib/armv7e-m/fpu\libc_s.a(lib_a-nano-mallocr.o)
                              c:/program files (x86)/atollic/truestudio for arm 5.4.2/armtools/bin/../lib/gcc/arm-atollic-eabi/4.8.3/../../../../arm-atollic-eabi/lib/armv7e-m/fpu\libc_s.a(lib_a-svfprintf.o) (_malloc_r)
c:/program files (x86)/atollic/truestudio for arm 5.4.2/armtools/bin/../lib/gcc/arm-atollic-eabi/4.8.3/../../../../arm-atollic-eabi/lib/armv7e-m/fpu\libc_s.a(lib_a-nano-reallocr.o)
                              c:/program files (x86)/atollic/truestudio for arm 5.4.2/armtools/bin/../lib/gcc/arm-atollic-eabi/4.8.3/../../../../arm-atollic-eabi/lib/armv7e-m/fpu\libc_s.a(lib_a-svfprintf.o) (_realloc_r)
c:/program files (x86)/atollic/truestudio for arm 5.4.2/armtools/bin/../lib/gcc/arm-atollic-eabi/4.8.3/../../../../arm-atollic-eabi/lib/armv7e-m/fpu\libc_s.a(lib_a-sbrkr.o)
                              c:/program files (x86)/atollic/truestudio for arm 5.4.2/armtools/bin/../lib/gcc/arm-atollic-eabi/4.8.3/../../../../arm-atollic-eabi/lib/armv7e-m/fpu\libc_s.a(lib_a-nano-mallocr.o) (_sbrk_r)
c:/program files (x86)/atollic/truestudio for arm 5.4.2/armtools/bin/../lib/gcc/arm-atollic-eabi/4.8.3/../../../../arm-atollic-eabi/lib/armv7e-m/fpu\libc_s.a(lib_a-strlen.o)
                              c:/program files (x86)/atollic/truestudio for arm 5.4.2/armtools/bin/../lib/gcc/arm-atollic-eabi/4.8.3/../../../../arm-atollic-eabi/lib/armv7e-m/fpu\libc_s.a(lib_a-vfprintf_i.o) (strlen)
[...]
Memory Configuration

Name             Origin             Length             Attributes
FLASH            0x08000000         0x00020000         xr
RAM              0x20000000         0x00010000         xrw
MEMORY_B1        0x60000000         0x00000000         xr
CCMRAM           0x10000000         0x00010000         rw
*default*        0x00000000         0xffffffff

Linker script and memory map

LOAD c:/program files (x86)/atollic/truestudio for arm 5.4.2/armtools/bin/../lib/gcc/arm-atollic-eabi/4.8.3/armv7e-m/fpu/crti.o
LOAD c:/program files (x86)/atollic/truestudio for arm 5.4.2/armtools/bin/../lib/gcc/arm-atollic-eabi/4.8.3/armv7e-m/fpu/crtbegin.o
LOAD src\system_stm32f4xx.o
LOAD src\stm32f4xx_it.o
LOAD src\startup_stm32f40xx.o
LOAD src\main.o
LOAD Libraries\STM32F4xx_StdPeriph_Driver\src\stm32f4xx_wwdg.o
LOAD Libraries\STM32F4xx_StdPeriph_Driver\src\stm32f4xx_usart.o
LOAD Libraries\STM32F4xx_StdPeriph_Driver\src\stm32f4xx_tim.o
LOAD Libraries\STM32F4xx_StdPeriph_Driver\src\stm32f4xx_syscfg.o
LOAD Libraries\STM32F4xx_StdPeriph_Driver\src\stm32f4xx_spi.o
LOAD Libraries\STM32F4xx_StdPeriph_Driver\src\stm32f4xx_sdio.o
LOAD Libraries\STM32F4xx_StdPeriph_Driver\src\stm32f4xx_rtc.o
LOAD Libraries\STM32F4xx_StdPeriph_Driver\src\stm32f4xx_rng.o
LOAD Libraries\STM32F4xx_StdPeriph_Driver\src\stm32f4xx_rcc.o
LOAD Libraries\STM32F4xx_StdPeriph_Driver\src\stm32f4xx_pwr.o
LOAD Libraries\STM32F4xx_StdPeriph_Driver\src\stm32f4xx_iwdg.o
LOAD Libraries\STM32F4xx_StdPeriph_Driver\src\stm32f4xx_i2c.o
LOAD Libraries\STM32F4xx_StdPeriph_Driver\src\stm32f4xx_hash_sha1.o
LOAD Libraries\STM32F4xx_StdPeriph_Driver\src\stm32f4xx_hash_md5.o
LOAD Libraries\STM32F4xx_StdPeriph_Driver\src\stm32f4xx_hash.o
LOAD Libraries\STM32F4xx_StdPeriph_Driver\src\stm32f4xx_gpio.o
LOAD Libraries\STM32F4xx_StdPeriph_Driver\src\stm32f4xx_fsmc.o
LOAD Libraries\STM32F4xx_StdPeriph_Driver\src\stm32f4xx_flash.o
LOAD Libraries\STM32F4xx_StdPeriph_Driver\src\stm32f4xx_exti.o
LOAD Libraries\STM32F4xx_StdPeriph_Driver\src\stm32f4xx_dma.o
LOAD Libraries\STM32F4xx_StdPeriph_Driver\src\stm32f4xx_dcmi.o
LOAD Libraries\STM32F4xx_StdPeriph_Driver\src\stm32f4xx_dbgmcu.o
LOAD Libraries\STM32F4xx_StdPeriph_Driver\src\stm32f4xx_dac.o
LOAD Libraries\STM32F4xx_StdPeriph_Driver\src\stm32f4xx_cryp_tdes.o
LOAD Libraries\STM32F4xx_StdPeriph_Driver\src\stm32f4xx_cryp_des.o
LOAD Libraries\STM32F4xx_StdPeriph_Driver\src\stm32f4xx_cryp_aes.o
LOAD Libraries\STM32F4xx_StdPeriph_Driver\src\stm32f4xx_cryp.o
LOAD Libraries\STM32F4xx_StdPeriph_Driver\src\stm32f4xx_crc.o
LOAD Libraries\STM32F4xx_StdPeriph_Driver\src\stm32f4xx_can.o
LOAD Libraries\STM32F4xx_StdPeriph_Driver\src\stm32f4xx_adc.o
LOAD Libraries\STM32F4xx_StdPeriph_Driver\src\misc.o
START GROUP
LOAD c:/program files (x86)/atollic/truestudio for arm 5.4.2/armtools/bin/../lib/gcc/arm-atollic-eabi/4.8.3/../../../../arm-atollic-eabi/lib/armv7e-m/fpu\libc_s.a
LOAD c:/program files (x86)/atollic/truestudio for arm 5.4.2/armtools/bin/../lib/gcc/arm-atollic-eabi/4.8.3/../../../../arm-atollic-eabi/lib/armv7e-m/fpu\libm.a
END GROUP
                0x00001000                malloc_getpagesize_P = 0x1000
START GROUP
LOAD c:/program files (x86)/atollic/truestudio for arm 5.4.2/armtools/bin/../lib/gcc/arm-atollic-eabi/4.8.3/armv7e-m/fpu\libgcc.a
LOAD c:/program files (x86)/atollic/truestudio for arm 5.4.2/armtools/bin/../lib/gcc/arm-atollic-eabi/4.8.3/../../../../arm-atollic-eabi/lib/armv7e-m/fpu\libc.a
END GROUP
LOAD c:/program files (x86)/atollic/truestudio for arm 5.4.2/armtools/bin/../lib/gcc/arm-atollic-eabi/4.8.3/armv7e-m/fpu/crtend.o
LOAD c:/program files (x86)/atollic/truestudio for arm 5.4.2/armtools/bin/../lib/gcc/arm-atollic-eabi/4.8.3/armv7e-m/fpu/crtn.o
                0x20010000                _estack = 0x20010000
                0x00000000                _Min_Heap_Size = 0x0
                0x00000200                _Min_Stack_Size = 0x200

.isr_vector     0x08000000      0x188
                0x08000000                . = ALIGN (0x4)
 *(.isr_vector)
 .isr_vector    0x08000000      0x188 src\startup_stm32f40xx.o
                0x08000000                g_pfnVectors
                0x08000188                . = ALIGN (0x4)

.text           0x08000188     0x60e8
                0x08000188                . = ALIGN (0x4)
 *(.text)
 .text          0x08000188       0x40 c:/program files (x86)/atollic/truestudio for arm 5.4.2/armtools/bin/../lib/gcc/arm-atollic-eabi/4.8.3/armv7e-m/fpu/crtbegin.o
 .text          0x080001c8      0x370 c:/program files (x86)/atollic/truestudio for arm 5.4.2/armtools/bin/../lib/gcc/arm-atollic-eabi/4.8.3/armv7e-m/fpu\libgcc.a(_arm_addsubdf3.o)
                0x080001c8                __aeabi_drsub
                0x080001d0                __aeabi_dsub
                0x080001d0                __subdf3
                0x080001d4                __aeabi_dadd
                0x080001d4                __adddf3
                0x0800044c                __floatunsidf
                0x0800044c                __aeabi_ui2d
                0x0800046c                __floatsidf
                0x0800046c                __aeabi_i2d
                0x08000490                __aeabi_f2d
                0x08000490                __extendsfdf2
                0x080004cc                __floatundidf
                0x080004cc                __aeabi_ul2d
                0x080004dc                __floatdidf
                0x080004dc                __aeabi_l2d
 .text          0x08000538      0x424 c:/program files (x86)/atollic/truestudio for arm 5.4.2/armtools/bin/../lib/gcc/arm-atollic-eabi/4.8.3/armv7e-m/fpu\libgcc.a(_arm_muldivdf3.o)
                0x08000538                __aeabi_dmul
                0x08000538                __muldf3
                0x0800078c                __divdf3
                0x0800078c                __aeabi_ddiv
 .text          0x0800095c      0x110 c:/program files (x86)/atollic/truestudio for arm 5.4.2/armtools/bin/../lib/gcc/arm-atollic-eabi/4.8.3/armv7e-m/fpu\libgcc.a(_arm_cmpdf2.o)
                0x0800095c                __gtdf2
                0x0800095c                __gedf2
                0x08000964                __ltdf2
                0x08000964                __ledf2
                0x0800096c                __nedf2
                0x0800096c                __eqdf2
                0x0800096c                __cmpdf2
                0x080009e8                __aeabi_cdrcmple
                0x080009f8                __aeabi_cdcmpeq
                0x080009f8                __aeabi_cdcmple
                0x08000a08                __aeabi_dcmpeq
                0x08000a1c                __aeabi_dcmplt
                0x08000a30                __aeabi_dcmple
                0x08000a44                __aeabi_dcmpge
                0x08000a58                __aeabi_dcmpgt
 .text          0x08000a6c       0x50 c:/program files (x86)/atollic/truestudio for arm 5.4.2/armtools/bin/../lib/gcc/arm-atollic-eabi/4.8.3/armv7e-m/fpu\libgcc.a(_arm_fixdfsi.o)
                0x08000a6c                __aeabi_d2iz
                0x08000a6c                __fixdfsi
 .text          0x08000abc       0xa0 c:/program files (x86)/atollic/truestudio for arm 5.4.2/armtools/bin/../lib/gcc/arm-atollic-eabi/4.8.3/armv7e-m/fpu\libgcc.a(_arm_truncdfsf2.o)
                0x08000abc                __truncdfsf2
                0x08000abc                __aeabi_d2f
 *(.text*)
 .text.SystemInit
                0x08000b5c       0x68 src\system_stm32f4xx.o
                0x08000b5c                SystemInit
 .text.SetSysClock
                0x08000bc4       0xd4 src\system_stm32f4xx.o
 .text.NMI_Handler
                0x08000c98        0xc src\stm32f4xx_it.o
                0x08000c98                NMI_Handler
 .text.HardFault_Handler
                0x08000ca4        0x8 src\stm32f4xx_it.o
                0x08000ca4                HardFault_Handler
 .text.MemManage_Handler
                0x08000cac        0x8 src\stm32f4xx_it.o
                0x08000cac                MemManage_Handler
 .text.BusFault_Handler
                0x08000cb4        0x8 src\stm32f4xx_it.o
                0x08000cb4                BusFault_Handler
 .text.UsageFault_Handler
                0x08000cbc        0x8 src\stm32f4xx_it.o
                0x08000cbc                UsageFault_Handler
 .text.SVC_Handler
                0x08000cc4        0xc src\stm32f4xx_it.o
                0x08000cc4                SVC_Handler
 .text.DebugMon_Handler
                0x08000cd0        0xc src\stm32f4xx_it.o
                0x08000cd0                DebugMon_Handler
 .text.PendSV_Handler
                0x08000cdc        0xc src\stm32f4xx_it.o
                0x08000cdc                PendSV_Handler
 .text.SysTick_Handler
                0x08000ce8       0x44 src\stm32f4xx_it.o
                0x08000ce8                SysTick_Handler
 .text.Reset_Handler
                0x08000d2c       0x58 src\startup_stm32f40xx.o
                0x08000d2c                Reset_Handler
 .text.Default_Handler
                0x08000d84        0x4 src\startup_stm32f40xx.o
                0x08000d84                RTC_Alarm_IRQHandler
                0x08000d84                HASH_RNG_IRQHandler
                0x08000d84                EXTI2_IRQHandler
                0x08000d84                TIM8_CC_IRQHandler
                0x08000d84                TIM1_CC_IRQHandler
                0x08000d84                DMA2_Stream5_IRQHandler
                0x08000d84                DMA1_Stream5_IRQHandler
                0x08000d84                PVD_IRQHandler
                0x08000d84                SDIO_IRQHandler
                0x08000d84                TAMP_STAMP_IRQHandler
                0x08000d84                CAN2_RX1_IRQHandler
                0x08000d84                EXTI3_IRQHandler
                0x08000d84                TIM8_TRG_COM_TIM14_IRQHandler
                0x08000d84                TIM1_UP_TIM10_IRQHandler
                0x08000d84                TIM8_UP_TIM13_IRQHandler
                0x08000d84                I2C3_ER_IRQHandler
                0x08000d84                EXTI0_IRQHandler
                0x08000d84                I2C2_EV_IRQHandler
                0x08000d84                DMA1_Stream2_IRQHandler
                0x08000d84                CAN1_RX0_IRQHandler
                0x08000d84                FPU_IRQHandler
                0x08000d84                OTG_HS_WKUP_IRQHandler
                0x08000d84                CAN2_SCE_IRQHandler
                0x08000d84                DMA2_Stream2_IRQHandler
                0x08000d84                SPI1_IRQHandler
                0x08000d84                TIM6_DAC_IRQHandler
                0x08000d84                TIM1_BRK_TIM9_IRQHandler
                0x08000d84                DCMI_IRQHandler
                0x08000d84                CAN2_RX0_IRQHandler
                0x08000d84                DMA2_Stream3_IRQHandler
                0x08000d84                USART6_IRQHandler
                0x08000d84                USART3_IRQHandler
                0x08000d84                CRYP_IRQHandler
                0x08000d84                CAN1_RX1_IRQHandler
                0x08000d84                UART5_IRQHandler
                0x08000d84                DMA2_Stream0_IRQHandler
                0x08000d84                TIM4_IRQHandler
                0x08000d84                I2C1_EV_IRQHandler
                0x08000d84                DMA1_Stream6_IRQHandler
                0x08000d84                DMA1_Stream1_IRQHandler
                0x08000d84                UART4_IRQHandler
                0x08000d84                TIM3_IRQHandler
                0x08000d84                RCC_IRQHandler
                0x08000d84                TIM8_BRK_TIM12_IRQHandler
                0x08000d84                Default_Handler
                0x08000d84                EXTI15_10_IRQHandler
                0x08000d84                ADC_IRQHandler
                0x08000d84                DMA1_Stream7_IRQHandler
                0x08000d84                TIM7_IRQHandler
                0x08000d84                CAN2_TX_IRQHandler
                0x08000d84                TIM5_IRQHandler
                0x08000d84                DMA2_Stream7_IRQHandler
                0x08000d84                I2C3_EV_IRQHandler
                0x08000d84                EXTI9_5_IRQHandler
                0x08000d84                RTC_WKUP_IRQHandler
                0x08000d84                ETH_WKUP_IRQHandler
                0x08000d84                SPI2_IRQHandler
                0x08000d84                OTG_HS_EP1_IN_IRQHandler
                0x08000d84                DMA1_Stream0_IRQHandler
                0x08000d84                CAN1_TX_IRQHandler
                0x08000d84                EXTI4_IRQHandler
                0x08000d84                FSMC_IRQHandler
                0x08000d84                ETH_IRQHandler
                0x08000d84                OTG_HS_EP1_OUT_IRQHandler
                0x08000d84                WWDG_IRQHandler
                0x08000d84                TIM2_IRQHandler
                0x08000d84                OTG_FS_WKUP_IRQHandler
                0x08000d84                TIM1_TRG_COM_TIM11_IRQHandler
                0x08000d84                OTG_HS_IRQHandler
                0x08000d84                EXTI1_IRQHandler
                0x08000d84                I2C2_ER_IRQHandler
                0x08000d84                DMA2_Stream1_IRQHandler
                0x08000d84                CAN1_SCE_IRQHandler
                0x08000d84                FLASH_IRQHandler
                0x08000d84                DMA2_Stream4_IRQHandler
                0x08000d84                OTG_FS_IRQHandler
                0x08000d84                SPI3_IRQHandler
                0x08000d84                DMA1_Stream4_IRQHandler
                0x08000d84                I2C1_ER_IRQHandler
                0x08000d84                DMA2_Stream6_IRQHandler
                0x08000d84                DMA1_Stream3_IRQHandler
 .text.NVIC_SetPriority
                0x08000d88       0x54 src\main.o
 .text.SysTick_Config
                0x08000ddc       0x44 src\main.o
 .text.init_I2C1
                0x08000e20       0xa0 src\main.o
                0x08000e20                init_I2C1
 .text.I2C_Start
                0x08000ec0       0x8c src\main.o
                0x08000ec0                I2C_Start
 .text.I2C_Write
                0x08000f4c       0x30 src\main.o
                0x08000f4c                I2C_Write
 .text.I2C_WritetoReg
                0x08000f7c       0x2c src\main.o
                0x08000f7c                I2C_WritetoReg
 .text.I2C_Read_NAck
                0x08000fa8       0x44 src\main.o
                0x08000fa8                I2C_Read_NAck
 .text.I2C_Stop
                0x08000fec       0x18 src\main.o
                0x08000fec                I2C_Stop
 .text.I2C_Initialize_WritetoReg
                0x08001004       0x3c src\main.o
                0x08001004                I2C_Initialize_WritetoReg
 .text.I2C_Initialize_ReadfromReg_NAck
                0x08001040       0xa8 src\main.o
                0x08001040                I2C_Initialize_ReadfromReg_NAck
 .text.Read_RawGyroParams
                0x080010e8       0xe4 src\main.o
                0x080010e8                Read_RawGyroParams
 .text.Read_RawAccelerometerParams
                0x080011cc       0xa4 src\main.o
                0x080011cc                Read_RawAccelerometerParams
 .text.Read_RawBaroParams
                0x08001270       0x50 src\main.o
                0x08001270                Read_RawBaroParams
 .text.Read_RawMagnetometerParams
                0x080012c0       0xcc src\main.o
                0x080012c0                Read_RawMagnetometerParams
 .text.Delay_us
                0x0800138c       0x28 src\main.o
                0x0800138c                Delay_us
 .text.Delay    0x080013b4       0x20 src\main.o
                0x080013b4                Delay
 .text.init_USART1
                0x080013d4       0xb8 src\main.o
                0x080013d4                init_USART1
 .text.USART_puts
                0x0800148c       0x44 src\main.o
                0x0800148c                USART_puts
 .text.myMotorFL_write
                0x080014d0       0x54 src\main.o
                0x080014d0                myMotorFL_write
 .text.myMotorFR_write
                0x08001524       0x54 src\main.o
                0x08001524                myMotorFR_write
 .text.myMotorBL_write
                0x08001578       0x54 src\main.o
                0x08001578                myMotorBL_write
 .text.myMotorBR_write
                0x080015cc       0x54 src\main.o
                0x080015cc                myMotorBR_write
 .text.Init_Motors
                0x08001620      0x10c src\main.o
                0x08001620                Init_Motors
 .text.Motors_write
                0x0800172c      0x75c src\main.o
                0x0800172c                Motors_write
 .text.Setup_MPU6050
                0x08001e88      0x234 src\main.o
                0x08001e88                Setup_MPU6050
 .text.Setup_HMC5883L
                0x080020bc       0x30 src\main.o
                0x080020bc                Setup_HMC5883L
 .text.Setup_BMP085
                0x080020ec       0x18 src\main.o
                0x080020ec                Setup_BMP085
 .text.init_Discovery_LEDS
                0x08002104       0x8c src\main.o
                0x08002104                init_Discovery_LEDS
 .text.init_MotorPortPins
                0x08002190       0x38 src\main.o
                0x08002190                init_MotorPortPins
 .text.main     0x080021c8      0x674 src\main.o
                0x080021c8                main
 .text.USART2_IRQHandler
                0x0800283c        0xc src\main.o
                0x0800283c                USART2_IRQHandler
 .text.USART1_IRQHandler
                0x08002848      0x3e0 src\main.o
                0x08002848                USART1_IRQHandler
 .text.ComplementaryFilter
                0x08002c28      0x508 src\main.o
                0x08002c28                ComplementaryFilter
 .text.PID_Control
                0x08003130      0x13c src\main.o
                0x08003130                PID_Control
 .text.PID_Yaw  0x0800326c       0xa8 src\main.o
                0x0800326c                PID_Yaw
 .text.USART_Init
                0x08003314      0x174 Libraries\STM32F4xx_StdPeriph_Driver\src\stm32f4xx_usart.o
                0x08003314                USART_Init
 .text.USART_Cmd
                0x08003488       0x40 Libraries\STM32F4xx_StdPeriph_Driver\src\stm32f4xx_usart.o
                0x08003488                USART_Cmd
 .text.USART_SendData
                0x080034c8       0x24 Libraries\STM32F4xx_StdPeriph_Driver\src\stm32f4xx_usart.o
                0x080034c8                USART_SendData
 .text.USART_ITConfig
                0x080034ec       0x90 Libraries\STM32F4xx_StdPeriph_Driver\src\stm32f4xx_usart.o
                0x080034ec                USART_ITConfig
 .text.USART_GetITStatus
                0x0800357c       0xb0 Libraries\STM32F4xx_StdPeriph_Driver\src\stm32f4xx_usart.o
                0x0800357c                USART_GetITStatus
 .text.USART_ClearITPendingBit
                0x0800362c       0x38 Libraries\STM32F4xx_StdPeriph_Driver\src\stm32f4xx_usart.o
                0x0800362c                USART_ClearITPendingBit
 .text.TIM_Cmd  0x08003664       0x40 Libraries\STM32F4xx_StdPeriph_Driver\src\stm32f4xx_tim.o
                0x08003664                TIM_Cmd
 .text.TIM_ITConfig
                0x080036a4       0x48 Libraries\STM32F4xx_StdPeriph_Driver\src\stm32f4xx_tim.o
                0x080036a4                TIM_ITConfig
 .text.RCC_GetClocksFreq
                0x080036ec      0x154 Libraries\STM32F4xx_StdPeriph_Driver\src\stm32f4xx_rcc.o
                0x080036ec                RCC_GetClocksFreq
 .text.RCC_AHB1PeriphClockCmd
                0x08003840       0x3c Libraries\STM32F4xx_StdPeriph_Driver\src\stm32f4xx_rcc.o
                0x08003840                RCC_AHB1PeriphClockCmd
 .text.RCC_APB1PeriphClockCmd
                0x0800387c       0x3c Libraries\STM32F4xx_StdPeriph_Driver\src\stm32f4xx_rcc.o
                0x0800387c                RCC_APB1PeriphClockCmd
 .text.RCC_APB2PeriphClockCmd
                0x080038b8       0x3c Libraries\STM32F4xx_StdPeriph_Driver\src\stm32f4xx_rcc.o
                0x080038b8                RCC_APB2PeriphClockCmd
 .text.I2C_Init
                0x080038f4      0x184 Libraries\STM32F4xx_StdPeriph_Driver\src\stm32f4xx_i2c.o
                0x080038f4                I2C_Init
 .text.I2C_StructInit
                0x08003a78       0x3c Libraries\STM32F4xx_StdPeriph_Driver\src\stm32f4xx_i2c.o
                0x08003a78                I2C_StructInit
 .text.I2C_Cmd  0x08003ab4       0x40 Libraries\STM32F4xx_StdPeriph_Driver\src\stm32f4xx_i2c.o
                0x08003ab4                I2C_Cmd
 .text.I2C_GenerateSTART
                0x08003af4       0x40 Libraries\STM32F4xx_StdPeriph_Driver\src\stm32f4xx_i2c.o
                0x08003af4                I2C_GenerateSTART
 .text.I2C_GenerateSTOP
                0x08003b34       0x40 Libraries\STM32F4xx_StdPeriph_Driver\src\stm32f4xx_i2c.o
                0x08003b34                I2C_GenerateSTOP
 .text.I2C_Send7bitAddress
                0x08003b74       0x3c Libraries\STM32F4xx_StdPeriph_Driver\src\stm32f4xx_i2c.o
                0x08003b74                I2C_Send7bitAddress
 .text.I2C_AcknowledgeConfig
                0x08003bb0       0x40 Libraries\STM32F4xx_StdPeriph_Driver\src\stm32f4xx_i2c.o
                0x08003bb0                I2C_AcknowledgeConfig
 .text.I2C_SendData
                0x08003bf0       0x20 Libraries\STM32F4xx_StdPeriph_Driver\src\stm32f4xx_i2c.o
                0x08003bf0                I2C_SendData
 .text.I2C_ReceiveData
                0x08003c10       0x1c Libraries\STM32F4xx_StdPeriph_Driver\src\stm32f4xx_i2c.o
                0x08003c10                I2C_ReceiveData
 .text.I2C_CheckEvent
                0x08003c2c       0x60 Libraries\STM32F4xx_StdPeriph_Driver\src\stm32f4xx_i2c.o
                0x08003c2c                I2C_CheckEvent
 .text.I2C_GetFlagStatus
                0x08003c8c       0x68 Libraries\STM32F4xx_StdPeriph_Driver\src\stm32f4xx_i2c.o
                0x08003c8c                I2C_GetFlagStatus
 .text.GPIO_Init
                0x08003cf4      0x11c Libraries\STM32F4xx_StdPeriph_Driver\src\stm32f4xx_gpio.o
                0x08003cf4                GPIO_Init
 .text.GPIO_StructInit
                0x08003e10       0x34 Libraries\STM32F4xx_StdPeriph_Driver\src\stm32f4xx_gpio.o
                0x08003e10                GPIO_StructInit
 .text.GPIO_SetBits
                0x08003e44       0x1c Libraries\STM32F4xx_StdPeriph_Driver\src\stm32f4xx_gpio.o
                0x08003e44                GPIO_SetBits
 .text.GPIO_ResetBits
                0x08003e60       0x1c Libraries\STM32F4xx_StdPeriph_Driver\src\stm32f4xx_gpio.o
                0x08003e60                GPIO_ResetBits
 .text.GPIO_PinAFConfig
                0x08003e7c       0x8c Libraries\STM32F4xx_StdPeriph_Driver\src\stm32f4xx_gpio.o
                0x08003e7c                GPIO_PinAFConfig
 .text.NVIC_Init
                0x08003f08       0xbc Libraries\STM32F4xx_StdPeriph_Driver\src\misc.o
                0x08003f08                NVIC_Init
 .text.__libc_init_array
                0x08003fc4       0x4c c:/program files (x86)/atollic/truestudio for arm 5.4.2/armtools/bin/../lib/gcc/arm-atollic-eabi/4.8.3/../../../../arm-atollic-eabi/lib/armv7e-m/fpu\libc_s.a(lib_a-init.o)
                0x08003fc4                __libc_init_array
 .text.sprintf  0x08004010       0x48 c:/program files (x86)/atollic/truestudio for arm 5.4.2/armtools/bin/../lib/gcc/arm-atollic-eabi/4.8.3/../../../../arm-atollic-eabi/lib/armv7e-m/fpu\libc_s.a(lib_a-sprintf.o)
                0x08004010                siprintf
                0x08004010                sprintf
 .text.__ssputs_r
                0x08004058       0xb8 c:/program files (x86)/atollic/truestudio for arm 5.4.2/armtools/bin/../lib/gcc/arm-atollic-eabi/4.8.3/../../../../arm-atollic-eabi/lib/armv7e-m/fpu\libc_s.a(lib_a-svfprintf.o)
                0x08004058                __ssputs_r
 .text._svfprintf_r
                0x08004110      0x1dc c:/program files (x86)/atollic/truestudio for arm 5.4.2/armtools/bin/../lib/gcc/arm-atollic-eabi/4.8.3/../../../../arm-atollic-eabi/lib/armv7e-m/fpu\libc_s.a(lib_a-svfprintf.o)
                0x08004110                _svfiprintf_r
                0x08004110                _svfprintf_r
 .text._printf_common
                0x080042ec       0xe4 c:/program files (x86)/atollic/truestudio for arm 5.4.2/armtools/bin/../lib/gcc/arm-atollic-eabi/4.8.3/../../../../arm-atollic-eabi/lib/armv7e-m/fpu\libc_s.a(lib_a-vfprintf_i.o)
                0x080042ec                _printf_common
 .text._printf_i
                0x080043d0      0x228 c:/program files (x86)/atollic/truestudio for arm 5.4.2/armtools/bin/../lib/gcc/arm-atollic-eabi/4.8.3/../../../../arm-atollic-eabi/lib/armv7e-m/fpu\libc_s.a(lib_a-vfprintf_i.o)
                0x080043d0                _printf_i
 .text.memchr   0x080045f8       0x1e c:/program files (x86)/atollic/truestudio for arm 5.4.2/armtools/bin/../lib/gcc/arm-atollic-eabi/4.8.3/../../../../arm-atollic-eabi/lib/armv7e-m/fpu\libc_s.a(lib_a-memchr-stub.o)
                0x080045f8                memchr
 .text.memcpy   0x08004616       0x12 c:/program files (x86)/atollic/truestudio for arm 5.4.2/armtools/bin/../lib/gcc/arm-atollic-eabi/4.8.3/../../../../arm-atollic-eabi/lib/armv7e-m/fpu\libc_s.a(lib_a-memcpy-stub.o)
                0x08004616                memcpy
 .text.memmove  0x08004628       0x36 c:/program files (x86)/atollic/truestudio for arm 5.4.2/armtools/bin/../lib/gcc/arm-atollic-eabi/4.8.3/../../../../arm-atollic-eabi/lib/armv7e-m/fpu\libc_s.a(lib_a-memmove.o)
                0x08004628                memmove
 *fill*         0x0800465e        0x2 
 .text._free_r  0x08004660       0x88 c:/program files (x86)/atollic/truestudio for arm 5.4.2/armtools/bin/../lib/gcc/arm-atollic-eabi/4.8.3/../../../../arm-atollic-eabi/lib/armv7e-m/fpu\libc_s.a(lib_a-nano-freer.o)
                0x08004660                _free_r
 .text._malloc_r
                0x080046e8       0xa8 c:/program files (x86)/atollic/truestudio for arm 5.4.2/armtools/bin/../lib/gcc/arm-atollic-eabi/4.8.3/../../../../arm-atollic-eabi/lib/armv7e-m/fpu\libc_s.a(lib_a-nano-mallocr.o)
                0x080046e8                _malloc_r
 .text._realloc_r
                0x08004790       0x4c c:/program files (x86)/atollic/truestudio for arm 5.4.2/armtools/bin/../lib/gcc/arm-atollic-eabi/4.8.3/../../../../arm-atollic-eabi/lib/armv7e-m/fpu\libc_s.a(lib_a-nano-reallocr.o)
                0x08004790                _realloc_r
 .text._sbrk_r  0x080047dc       0x20 c:/program files (x86)/atollic/truestudio for arm 5.4.2/armtools/bin/../lib/gcc/arm-atollic-eabi/4.8.3/../../../../arm-atollic-eabi/lib/armv7e-m/fpu\libc_s.a(lib_a-sbrkr.o)
                0x080047dc                _sbrk_r
 .text.strlen   0x080047fc       0x10 c:/program files (x86)/atollic/truestudio for arm 5.4.2/armtools/bin/../lib/gcc/arm-atollic-eabi/4.8.3/../../../../arm-atollic-eabi/lib/armv7e-m/fpu\libc_s.a(lib_a-strlen.o)
                0x080047fc                strlen
 .text._sbrk    0x0800480c       0x34 c:/program files (x86)/atollic/truestudio for arm 5.4.2/armtools/bin/../lib/gcc/arm-atollic-eabi/4.8.3/../../../../arm-atollic-eabi/lib/armv7e-m/fpu\libc_s.a(lib_a-syscalls.o)
                0x0800480c                _sbrk
 .text._malloc_usable_size_r
                0x08004840       0x12 c:/program files (x86)/atollic/truestudio for arm 5.4.2/armtools/bin/../lib/gcc/arm-atollic-eabi/4.8.3/../../../../arm-atollic-eabi/lib/armv7e-m/fpu\libc_s.a(lib_a-nano-msizer.o)
                0x08004840                _malloc_usable_size_r
 *fill*         0x08004852        0x6 
 .text.cos      0x08004858       0x88 c:/program files (x86)/atollic/truestudio for arm 5.4.2/armtools/bin/../lib/gcc/arm-atollic-eabi/4.8.3/../../../../arm-atollic-eabi/lib/armv7e-m/fpu\libm.a(lib_a-s_cos.o)
                0x08004858                cos
 .text.sin      0x080048e0       0x90 c:/program files (x86)/atollic/truestudio for arm 5.4.2/armtools/bin/../lib/gcc/arm-atollic-eabi/4.8.3/../../../../arm-atollic-eabi/lib/armv7e-m/fpu\libm.a(lib_a-s_sin.o)
                0x080048e0                sin
 .text.atan2    0x08004970        0x4 c:/program files (x86)/atollic/truestudio for arm 5.4.2/armtools/bin/../lib/gcc/arm-atollic-eabi/4.8.3/../../../../arm-atollic-eabi/lib/armv7e-m/fpu\libm.a(lib_a-w_atan2.o)
                0x08004970                atan2
 .text.atan2f   0x08004974        0x4 c:/program files (x86)/atollic/truestudio for arm 5.4.2/armtools/bin/../lib/gcc/arm-atollic-eabi/4.8.3/../../../../arm-atollic-eabi/lib/armv7e-m/fpu\libm.a(lib_a-wf_atan2.o)
                0x08004974                atan2f
 .text.__ieee754_atan2
                0x08004978      0x1e8 c:/program files (x86)/atollic/truestudio for arm 5.4.2/armtools/bin/../lib/gcc/arm-atollic-eabi/4.8.3/../../../../arm-atollic-eabi/lib/armv7e-m/fpu\libm.a(lib_a-e_atan2.o)
                0x08004978                __ieee754_atan2
 .text.__ieee754_rem_pio2
                0x08004b60      0x408 c:/program files (x86)/atollic/truestudio for arm 5.4.2/armtools/bin/../lib/gcc/arm-atollic-eabi/4.8.3/../../../../arm-atollic-eabi/lib/armv7e-m/fpu\libm.a(lib_a-e_rem_pio2.o)
                0x08004b60                __ieee754_rem_pio2
 .text.__ieee754_atan2f
                0x08004f68      0x154 c:/program files (x86)/atollic/truestudio for arm 5.4.2/armtools/bin/../lib/gcc/arm-atollic-eabi/4.8.3/../../../../arm-atollic-eabi/lib/armv7e-m/fpu\libm.a(lib_a-ef_atan2.o)
                0x08004f68                __ieee754_atan2f
 *fill*         0x080050bc        0x4 
 .text.__kernel_cos
                0x080050c0      0x1e8 c:/program files (x86)/atollic/truestudio for arm 5.4.2/armtools/bin/../lib/gcc/arm-atollic-eabi/4.8.3/../../../../arm-atollic-eabi/lib/armv7e-m/fpu\libm.a(lib_a-k_cos.o)
                0x080050c0                __kernel_cos
 .text.__kernel_rem_pio2
                0x080052a8      0x6b0 c:/program files (x86)/atollic/truestudio for arm 5.4.2/armtools/bin/../lib/gcc/arm-atollic-eabi/4.8.3/../../../../arm-atollic-eabi/lib/armv7e-m/fpu\libm.a(lib_a-k_rem_pio2.o)
                0x080052a8                __kernel_rem_pio2
 .text.__kernel_sin
                0x08005958      0x188 c:/program files (x86)/atollic/truestudio for arm 5.4.2/armtools/bin/../lib/gcc/arm-atollic-eabi/4.8.3/../../../../arm-atollic-eabi/lib/armv7e-m/fpu\libm.a(lib_a-k_sin.o)
                0x08005958                __kernel_sin
 .text.atan     0x08005ae0      0x380 c:/program files (x86)/atollic/truestudio for arm 5.4.2/armtools/bin/../lib/gcc/arm-atollic-eabi/4.8.3/../../../../arm-atollic-eabi/lib/armv7e-m/fpu\libm.a(lib_a-s_atan.o)
                0x08005ae0                atan
 .text.fabs     0x08005e60       0x12 c:/program files (x86)/atollic/truestudio for arm 5.4.2/armtools/bin/../lib/gcc/arm-atollic-eabi/4.8.3/../../../../arm-atollic-eabi/lib/armv7e-m/fpu\libm.a(lib_a-s_fabs.o)
                0x08005e60                fabs
 *fill*         0x08005e72        0x6 
 .text.floor    0x08005e78      0x110 c:/program files (x86)/atollic/truestudio for arm 5.4.2/armtools/bin/../lib/gcc/arm-atollic-eabi/4.8.3/../../../../arm-atollic-eabi/lib/armv7e-m/fpu\libm.a(lib_a-s_floor.o)
                0x08005e78                floor
 .text.scalbn   0x08005f88       0xf0 c:/program files (x86)/atollic/truestudio for arm 5.4.2/armtools/bin/../lib/gcc/arm-atollic-eabi/4.8.3/../../../../arm-atollic-eabi/lib/armv7e-m/fpu\libm.a(lib_a-s_scalbn.o)
                0x08005f88                scalbn
 .text.atanf    0x08006078      0x1b0 c:/program files (x86)/atollic/truestudio for arm 5.4.2/armtools/bin/../lib/gcc/arm-atollic-eabi/4.8.3/../../../../arm-atollic-eabi/lib/armv7e-m/fpu\libm.a(lib_a-sf_atan.o)
                0x08006078                atanf
 .text.fabsf    0x08006228        0xe c:/program files (x86)/atollic/truestudio for arm 5.4.2/armtools/bin/../lib/gcc/arm-atollic-eabi/4.8.3/../../../../arm-atollic-eabi/lib/armv7e-m/fpu\libm.a(lib_a-sf_fabs.o)
                0x08006228                fabsf
 .text.copysign
                0x08006236       0x20 c:/program files (x86)/atollic/truestudio for arm 5.4.2/armtools/bin/../lib/gcc/arm-atollic-eabi/4.8.3/../../../../arm-atollic-eabi/lib/armv7e-m/fpu\libm.a(lib_a-s_copysign.o)
                0x08006236                copysign
 *(.glue_7)
 .glue_7        0x00000000        0x0 linker stubs
 *(.glue_7t)
 .glue_7t       0x00000000        0x0 linker stubs
 *(.eh_frame)
 *fill*         0x08006256        0x2 
 .eh_frame      0x08006258        0x0 c:/program files (x86)/atollic/truestudio for arm 5.4.2/armtools/bin/../lib/gcc/arm-atollic-eabi/4.8.3/armv7e-m/fpu/crtbegin.o
 *(.init)
 .init          0x08006258        0x4 c:/program files (x86)/atollic/truestudio for arm 5.4.2/armtools/bin/../lib/gcc/arm-atollic-eabi/4.8.3/armv7e-m/fpu/crti.o
                0x08006258                _init
 .init          0x0800625c        0x8 c:/program files (x86)/atollic/truestudio for arm 5.4.2/armtools/bin/../lib/gcc/arm-atollic-eabi/4.8.3/armv7e-m/fpu/crtn.o
 *(.fini)
 .fini          0x08006264        0x4 c:/program files (x86)/atollic/truestudio for arm 5.4.2/armtools/bin/../lib/gcc/arm-atollic-eabi/4.8.3/armv7e-m/fpu/crti.o
                0x08006264                _fini
 .fini          0x08006268        0x8 c:/program files (x86)/atollic/truestudio for arm 5.4.2/armtools/bin/../lib/gcc/arm-atollic-eabi/4.8.3/armv7e-m/fpu/crtn.o
                0x08006270                . = ALIGN (0x4)
                0x08006270                _etext = .

.vfp11_veneer   0x08006270        0x0
 .vfp11_veneer  0x00000000        0x0 linker stubs

.v4_bx          0x08006270        0x0
 .v4_bx         0x00000000        0x0 linker stubs

.iplt           0x08006270        0x0
 .iplt          0x00000000        0x0 c:/program files (x86)/atollic/truestudio for arm 5.4.2/armtools/bin/../lib/gcc/arm-atollic-eabi/4.8.3/armv7e-m/fpu/crtbegin.o

.rodata         0x08006270      0x408
                0x08006270                . = ALIGN (0x4)
 *(.rodata)
 .rodata        0x08006270      0x198 src\main.o
 *(.rodata*)
 .rodata.str1.1
                0x08006408       0x11 c:/program files (x86)/atollic/truestudio for arm 5.4.2/armtools/bin/../lib/gcc/arm-atollic-eabi/4.8.3/../../../../arm-atollic-eabi/lib/armv7e-m/fpu\libc_s.a(lib_a-svfprintf.o)
 .rodata.str1.1
                0x08006419       0x22 c:/program files (x86)/atollic/truestudio for arm 5.4.2/armtools/bin/../lib/gcc/arm-atollic-eabi/4.8.3/../../../../arm-atollic-eabi/lib/armv7e-m/fpu\libc_s.a(lib_a-vfprintf_i.o)
 .rodata.str1.1
                0x0800643b        0x2 c:/program files (x86)/atollic/truestudio for arm 5.4.2/armtools/bin/../lib/gcc/arm-atollic-eabi/4.8.3/../../../../arm-atollic-eabi/lib/armv7e-m/fpu\libc_s.a(lib_a-impure.o)
 *fill*         0x0800643d        0x3 
 .rodata.npio2_hw
                0x08006440       0x80 c:/program files (x86)/atollic/truestudio for arm 5.4.2/armtools/bin/../lib/gcc/arm-atollic-eabi/4.8.3/../../../../arm-atollic-eabi/lib/armv7e-m/fpu\libm.a(lib_a-e_rem_pio2.o)
 .rodata.two_over_pi
                0x080064c0      0x108 c:/program files (x86)/atollic/truestudio for arm 5.4.2/armtools/bin/../lib/gcc/arm-atollic-eabi/4.8.3/../../../../arm-atollic-eabi/lib/armv7e-m/fpu\libm.a(lib_a-e_rem_pio2.o)
 .rodata.init_jk
                0x080065c8       0x10 c:/program files (x86)/atollic/truestudio for arm 5.4.2/armtools/bin/../lib/gcc/arm-atollic-eabi/4.8.3/../../../../arm-atollic-eabi/lib/armv7e-m/fpu\libm.a(lib_a-k_rem_pio2.o)
 .rodata.PIo2   0x080065d8       0x40 c:/program files (x86)/atollic/truestudio for arm 5.4.2/armtools/bin/../lib/gcc/arm-atollic-eabi/4.8.3/../../../../arm-atollic-eabi/lib/armv7e-m/fpu\libm.a(lib_a-k_rem_pio2.o)
 .rodata.atanlo
                0x08006618       0x20 c:/program files (x86)/atollic/truestudio for arm 5.4.2/armtools/bin/../lib/gcc/arm-atollic-eabi/4.8.3/../../../../arm-atollic-eabi/lib/armv7e-m/fpu\libm.a(lib_a-s_atan.o)
 .rodata.atanhi
                0x08006638       0x20 c:/program files (x86)/atollic/truestudio for arm 5.4.2/armtools/bin/../lib/gcc/arm-atollic-eabi/4.8.3/../../../../arm-atollic-eabi/lib/armv7e-m/fpu\libm.a(lib_a-s_atan.o)
 .rodata.atanlo
                0x08006658       0x10 c:/program files (x86)/atollic/truestudio for arm 5.4.2/armtools/bin/../lib/gcc/arm-atollic-eabi/4.8.3/../../../../arm-atollic-eabi/lib/armv7e-m/fpu\libm.a(lib_a-sf_atan.o)
 .rodata.atanhi
                0x08006668       0x10 c:/program files (x86)/atollic/truestudio for arm 5.4.2/armtools/bin/../lib/gcc/arm-atollic-eabi/4.8.3/../../../../arm-atollic-eabi/lib/armv7e-m/fpu\libm.a(lib_a-sf_atan.o)
                0x08006678                . = ALIGN (0x4)

.rel.dyn        0x08006678        0x0
 .rel.iplt      0x00000000        0x0 c:/program files (x86)/atollic/truestudio for arm 5.4.2/armtools/bin/../lib/gcc/arm-atollic-eabi/4.8.3/armv7e-m/fpu/crtbegin.o

.ARM.extab
 *(.ARM.extab* .gnu.linkonce.armextab.*)

.ARM            0x08006678        0x0
                0x08006678                __exidx_start = .
 *(.ARM.exidx*)
                0x08006678                __exidx_end = .

.preinit_array  0x08006678        0x0
                0x08006678                PROVIDE (__preinit_array_start, .)
 *(.preinit_array*)
                0x08006678                PROVIDE (__preinit_array_end, .)

.init_array     0x08006678        0x4
                0x08006678                PROVIDE (__init_array_start, .)
 *(SORT(.init_array.*))
 *(.init_array*)
 .init_array    0x08006678        0x4 c:/program files (x86)/atollic/truestudio for arm 5.4.2/armtools/bin/../lib/gcc/arm-atollic-eabi/4.8.3/armv7e-m/fpu/crtbegin.o
                0x0800667c                PROVIDE (__init_array_end, .)

.fini_array     0x0800667c        0x4
                0x0800667c                PROVIDE (__fini_array_start, .)
 *(SORT(.fini_array.*))
 *(.fini_array*)
 .fini_array    0x0800667c        0x4 c:/program files (x86)/atollic/truestudio for arm 5.4.2/armtools/bin/../lib/gcc/arm-atollic-eabi/4.8.3/armv7e-m/fpu/crtbegin.o
                0x08006680                PROVIDE (__fini_array_end, .)
                0x08006680                _sidata = LOADADDR (.data)

.data           0x20000000       0x90 load address 0x08006680
                0x20000000                . = ALIGN (0x4)
                0x20000000                _sdata = .
 *(.data)
 *(.data*)
 .data.SystemCoreClock
                0x20000000        0x4 src\system_stm32f4xx.o
                0x20000000                SystemCoreClock
 .data.kp_roll  0x20000004        0x4 src\main.o
                0x20000004                kp_roll
 .data.ki_roll  0x20000008        0x4 src\main.o
                0x20000008                ki_roll
 .data.kd_roll  0x2000000c        0x4 src\main.o
                0x2000000c                kd_roll
 .data.kp_pitch
                0x20000010        0x4 src\main.o
                0x20000010                kp_pitch
 .data.ki_pitch
                0x20000014        0x4 src\main.o
                0x20000014                ki_pitch
 .data.kd_pitch
                0x20000018        0x4 src\main.o
                0x20000018                kd_pitch
 .data.APBAHBPrescTable
                0x2000001c       0x10 Libraries\STM32F4xx_StdPeriph_Driver\src\stm32f4xx_rcc.o
 .data.impure_data
                0x2000002c       0x60 c:/program files (x86)/atollic/truestudio for arm 5.4.2/armtools/bin/../lib/gcc/arm-atollic-eabi/4.8.3/../../../../arm-atollic-eabi/lib/armv7e-m/fpu\libc_s.a(lib_a-impure.o)
 .data._impure_ptr
                0x2000008c        0x4 c:/program files (x86)/atollic/truestudio for arm 5.4.2/armtools/bin/../lib/gcc/arm-atollic-eabi/4.8.3/../../../../arm-atollic-eabi/lib/armv7e-m/fpu\libc_s.a(lib_a-impure.o)
                0x2000008c                _impure_ptr
                0x20000090                . = ALIGN (0x4)
                0x20000090                _edata = .
                0x08006710                _siccmram = LOADADDR (.ccmram)

.igot.plt       0x20000090        0x0 load address 0x08006710
 .igot.plt      0x00000000        0x0 c:/program files (x86)/atollic/truestudio for arm 5.4.2/armtools/bin/../lib/gcc/arm-atollic-eabi/4.8.3/armv7e-m/fpu/crtbegin.o

.ccmram         0x10000000        0x0 load address 0x08006710
                0x10000000                . = ALIGN (0x4)
                0x10000000                _sccmram = .
 *(.ccmram)
 *(.ccmram*)
                0x10000000                . = ALIGN (0x4)
                0x10000000                _eccmram = .
                0x10000000                . = ALIGN (0x4)

.bss            0x20000090      0x1a4
                0x20000090                _sbss = .
                0x20000090                __bss_start__ = _sbss
 *(.bss)
 .bss           0x20000090       0x1c c:/program files (x86)/atollic/truestudio for arm 5.4.2/armtools/bin/../lib/gcc/arm-atollic-eabi/4.8.3/armv7e-m/fpu/crtbegin.o
 *(.bss*)
 .bss.data      0x200000ac        0x1 src\main.o
                0x200000ac                data
 *fill*         0x200000ad        0x3 
 .bss.kp_yaw    0x200000b0        0x4 src\main.o
                0x200000b0                kp_yaw
 .bss.ki_yaw    0x200000b4        0x4 src\main.o
                0x200000b4                ki_yaw
 .bss.kd_yaw    0x200000b8        0x4 src\main.o
                0x200000b8                kd_yaw
 .bss.d_roll    0x200000bc        0x4 src\main.o
                0x200000bc                d_roll
 .bss.d_pitch   0x200000c0        0x4 src\main.o
                0x200000c0                d_pitch
 .bss.d_yaw     0x200000c4        0x4 src\main.o
                0x200000c4                d_yaw
 .bss.Cal_pitch
                0x200000c8        0x4 src\main.o
                0x200000c8                Cal_pitch
 .bss.Cal_roll  0x200000cc        0x4 src\main.o
                0x200000cc                Cal_roll
 .bss.Cal_yaw   0x200000d0        0x4 src\main.o
                0x200000d0                Cal_yaw
 .bss.throttle  0x200000d4        0x4 src\main.o
                0x200000d4                throttle
 .bss.error_sum_roll
                0x200000d8        0x4 src\main.o
                0x200000d8                error_sum_roll
 .bss.error_sum_pitch
                0x200000dc        0x4 src\main.o
                0x200000dc                error_sum_pitch
 .bss.error_sum_yaw
                0x200000e0        0x4 src\main.o
                0x200000e0                error_sum_yaw
 .bss.diff_error_roll
                0x200000e4        0x4 src\main.o
                0x200000e4                diff_error_roll
 .bss.diff_error_pitch
                0x200000e8        0x4 src\main.o
                0x200000e8                diff_error_pitch
 .bss.diff_error_yaw
                0x200000ec        0x4 src\main.o
                0x200000ec                diff_error_yaw
 .bss.roll_pid  0x200000f0        0x4 src\main.o
                0x200000f0                roll_pid
 .bss.pitch_pid
                0x200000f4        0x4 src\main.o
                0x200000f4                pitch_pid
 .bss.yaw_pid   0x200000f8        0x4 src\main.o
                0x200000f8                yaw_pid
 .bss.error_last_roll
                0x200000fc        0x4 src\main.o
                0x200000fc                error_last_roll
 .bss.error_last_pitch
                0x20000100        0x4 src\main.o
                0x20000100                error_last_pitch
 .bss.error_last_yaw
                0x20000104        0x4 src\main.o
                0x20000104                error_last_yaw
 .bss.roll      0x20000108        0x4 src\main.o
                0x20000108                roll
 .bss.pitch     0x2000010c        0x4 src\main.o
                0x2000010c                pitch
 .bss.yaw       0x20000110        0x4 src\main.o
                0x20000110                yaw
 .bss.Delta_FLBR
                0x20000114        0x4 src\main.o
                0x20000114                Delta_FLBR
 .bss.Delta_FRBL
                0x20000118        0x4 src\main.o
                0x20000118                Delta_FRBL
 .bss.Acc_X     0x2000011c        0x2 src\main.o
                0x2000011c                Acc_X
 .bss.Acc_Y     0x2000011e        0x2 src\main.o
                0x2000011e                Acc_Y
 .bss.Acc_Z     0x20000120        0x2 src\main.o
                0x20000120                Acc_Z
 .bss.Gyro_X    0x20000122        0x2 src\main.o
                0x20000122                Gyro_X
 .bss.Gyro_Y    0x20000124        0x2 src\main.o
                0x20000124                Gyro_Y
 .bss.Gyro_Z    0x20000126        0x2 src\main.o
                0x20000126                Gyro_Z
 .bss.Mag_X     0x20000128        0x2 src\main.o
                0x20000128                Mag_X
 .bss.Mag_Y     0x2000012a        0x2 src\main.o
                0x2000012a                Mag_Y
 .bss.Mag_Z     0x2000012c        0x2 src\main.o
                0x2000012c                Mag_Z
 .bss.Baro_Val  0x2000012e        0x2 src\main.o
                0x2000012e                Baro_Val
 .bss.Cal_Acc_X
                0x20000130        0x2 src\main.o
                0x20000130                Cal_Acc_X
 .bss.Cal_Acc_Y
                0x20000132        0x2 src\main.o
                0x20000132                Cal_Acc_Y
 .bss.Cal_Acc_Z
                0x20000134        0x2 src\main.o
                0x20000134                Cal_Acc_Z
 .bss.Cal_Gyro_X
                0x20000136        0x2 src\main.o
                0x20000136                Cal_Gyro_X
 .bss.Cal_Gyro_Y
                0x20000138        0x2 src\main.o
                0x20000138                Cal_Gyro_Y
 .bss.Cal_Gyro_Z
                0x2000013a        0x2 src\main.o
                0x2000013a                Cal_Gyro_Z
 .bss.Cal_Mag_X
                0x2000013c        0x2 src\main.o
                0x2000013c                Cal_Mag_X
 .bss.Cal_Mag_Y
                0x2000013e        0x2 src\main.o
                0x2000013e                Cal_Mag_Y
 .bss.Cal_Mag_Z
                0x20000140        0x2 src\main.o
                0x20000140                Cal_Mag_Z
 .bss.Cal_Baro_Val
                0x20000142        0x2 src\main.o
                0x20000142                Cal_Baro_Val
 .bss.cnt.11548
                0x20000144        0x1 src\main.o
 *fill*         0x20000145        0x3 
 .bss.__malloc_sbrk_start
                0x20000148        0x4 c:/program files (x86)/atollic/truestudio for arm 5.4.2/armtools/bin/../lib/gcc/arm-atollic-eabi/4.8.3/../../../../arm-atollic-eabi/lib/armv7e-m/fpu\libc_s.a(lib_a-nano-mallocr.o)
                0x20000148                __malloc_sbrk_start
 .bss.__malloc_free_list
                0x2000014c        0x4 c:/program files (x86)/atollic/truestudio for arm 5.4.2/armtools/bin/../lib/gcc/arm-atollic-eabi/4.8.3/../../../../arm-atollic-eabi/lib/armv7e-m/fpu\libc_s.a(lib_a-nano-mallocr.o)
                0x2000014c                __malloc_free_list
 .bss.heap_end.5121
                0x20000150        0x4 c:/program files (x86)/atollic/truestudio for arm 5.4.2/armtools/bin/../lib/gcc/arm-atollic-eabi/4.8.3/../../../../arm-atollic-eabi/lib/armv7e-m/fpu\libc_s.a(lib_a-syscalls.o)
 *(COMMON)
 COMMON         0x20000154        0x8 src\stm32f4xx_it.o
                0x20000154                TimingDelay
                0x20000158                ConState
 COMMON         0x2000015c       0xd1 src\main.o
                0x2000015c                AcAcc_Y
                0x20000160                Gyro_Yaw
                0x20000164                AcAcc_X
                0x20000168                Gyro_Roll
                0x2000016c                CalAcc_X
                0x200001a0                AcAcc_Z
                0x200001a4                Throttle_BL
                0x200001a8                CalAcc_Z
                0x200001dc                Gyro_Pitch
                0x200001e0                Throttle_BR
                0x200001e4                Throttle_FR
                0x200001e8                CalAcc_Y
                0x2000021c                Throttle_FL
                0x20000220                received_string
 *fill*         0x2000022d        0x3 
 COMMON         0x20000230        0x4 c:/program files (x86)/atollic/truestudio for arm 5.4.2/armtools/bin/../lib/gcc/arm-atollic-eabi/4.8.3/../../../../arm-atollic-eabi/lib/armv7e-m/fpu\libc_s.a(lib_a-reent.o)
                0x20000230                errno
                0x20000234                . = ALIGN (0x4)
                0x20000234                _ebss = .
                0x20000234                __bss_end__ = _ebss

._user_heap_stack
                0x20000234      0x200
                0x20000234                . = ALIGN (0x4)
                0x20000234                PROVIDE (end, .)
                0x20000234                PROVIDE (_end, .)
                0x20000234                . = (. + _Min_Heap_Size)
                0x20000434                . = (. + _Min_Stack_Size)
 *fill*         0x20000234      0x200 
                0x20000434                . = ALIGN (0x4)

.memory_b1_text
 *(.mb1text)
 *(.mb1text*)
 *(.mb1rodata)
 *(.mb1rodata*)

/DISCARD/
 libc.a(*)
 libm.a(*)
 libgcc.a(*)

.ARM.attributes
                0x00000000       0x30
 *(.ARM.attributes)
 .ARM.attributes
                0x00000000       0x22 c:/program files (x86)/atollic/truestudio for arm 5.4.2/armtools/bin/../lib/gcc/arm-atollic-eabi/4.8.3/armv7e-m/fpu/crti.o
 .ARM.attributes
                0x00000022       0x34 c:/program files (x86)/atollic/truestudio for arm 5.4.2/armtools/bin/../lib/gcc/arm-atollic-eabi/4.8.3/armv7e-m/fpu/crtbegin.o
 .ARM.attributes
                0x00000056       0x39 src\system_stm32f4xx.o
 .ARM.attributes
                0x0000008f       0x39 src\stm32f4xx_it.o
 .ARM.attributes
                0x000000c8       0x21 src\startup_stm32f40xx.o
 .ARM.attributes
                0x000000e9       0x39 src\main.o
 .ARM.attributes
                0x00000122       0x39 Libraries\STM32F4xx_StdPeriph_Driver\src\stm32f4xx_usart.o
 .ARM.attributes
                0x0000015b       0x39 Libraries\STM32F4xx_StdPeriph_Driver\src\stm32f4xx_tim.o
 .ARM.attributes
                0x00000194       0x39 Libraries\STM32F4xx_StdPeriph_Driver\src\stm32f4xx_rcc.o
 .ARM.attributes
                0x000001cd       0x39 Libraries\STM32F4xx_StdPeriph_Driver\src\stm32f4xx_i2c.o
 .ARM.attributes
                0x00000206       0x39 Libraries\STM32F4xx_StdPeriph_Driver\src\stm32f4xx_gpio.o
 .ARM.attributes
                0x0000023f       0x39 Libraries\STM32F4xx_StdPeriph_Driver\src\misc.o
 .ARM.attributes
                0x00000278       0x34 c:/program files (x86)/atollic/truestudio for arm 5.4.2/armtools/bin/../lib/gcc/arm-atollic-eabi/4.8.3/../../../../arm-atollic-eabi/lib/armv7e-m/fpu\libc_s.a(lib_a-init.o)
 .ARM.attributes
                0x000002ac       0x34 c:/program files (x86)/atollic/truestudio for arm 5.4.2/armtools/bin/../lib/gcc/arm-atollic-eabi/4.8.3/../../../../arm-atollic-eabi/lib/armv7e-m/fpu\libc_s.a(lib_a-sprintf.o)
 .ARM.attributes
                0x000002e0       0x34 c:/program files (x86)/atollic/truestudio for arm 5.4.2/armtools/bin/../lib/gcc/arm-atollic-eabi/4.8.3/../../../../arm-atollic-eabi/lib/armv7e-m/fpu\libc_s.a(lib_a-svfprintf.o)
 .ARM.attributes
                0x00000314       0x34 c:/program files (x86)/atollic/truestudio for arm 5.4.2/armtools/bin/../lib/gcc/arm-atollic-eabi/4.8.3/../../../../arm-atollic-eabi/lib/armv7e-m/fpu\libc_s.a(lib_a-vfprintf_i.o)
 .ARM.attributes
                0x00000348       0x34 c:/program files (x86)/atollic/truestudio for arm 5.4.2/armtools/bin/../lib/gcc/arm-atollic-eabi/4.8.3/../../../../arm-atollic-eabi/lib/armv7e-m/fpu\libc_s.a(lib_a-impure.o)
 .ARM.attributes
                0x0000037c       0x34 c:/program files (x86)/atollic/truestudio for arm 5.4.2/armtools/bin/../lib/gcc/arm-atollic-eabi/4.8.3/../../../../arm-atollic-eabi/lib/armv7e-m/fpu\libc_s.a(lib_a-memchr-stub.o)
 .ARM.attributes
                0x000003b0       0x34 c:/program files (x86)/atollic/truestudio for arm 5.4.2/armtools/bin/../lib/gcc/arm-atollic-eabi/4.8.3/../../../../arm-atollic-eabi/lib/armv7e-m/fpu\libc_s.a(lib_a-memcpy-stub.o)
 .ARM.attributes
                0x000003e4       0x34 c:/program files (x86)/atollic/truestudio for arm 5.4.2/armtools/bin/../lib/gcc/arm-atollic-eabi/4.8.3/../../../../arm-atollic-eabi/lib/armv7e-m/fpu\libc_s.a(lib_a-memmove.o)
 .ARM.attributes
                0x00000418       0x34 c:/program files (x86)/atollic/truestudio for arm 5.4.2/armtools/bin/../lib/gcc/arm-atollic-eabi/4.8.3/../../../../arm-atollic-eabi/lib/armv7e-m/fpu\libc_s.a(lib_a-nano-freer.o)
 .ARM.attributes
                0x0000044c       0x34 c:/program files (x86)/atollic/truestudio for arm 5.4.2/armtools/bin/../lib/gcc/arm-atollic-eabi/4.8.3/../../../../arm-atollic-eabi/lib/armv7e-m/fpu\libc_s.a(lib_a-nano-mallocr.o)
 .ARM.attributes
                0x00000480       0x34 c:/program files (x86)/atollic/truestudio for arm 5.4.2/armtools/bin/../lib/gcc/arm-atollic-eabi/4.8.3/../../../../arm-atollic-eabi/lib/armv7e-m/fpu\libc_s.a(lib_a-nano-reallocr.o)
 .ARM.attributes
                0x000004b4       0x34 c:/program files (x86)/atollic/truestudio for arm 5.4.2/armtools/bin/../lib/gcc/arm-atollic-eabi/4.8.3/../../../../arm-atollic-eabi/lib/armv7e-m/fpu\libc_s.a(lib_a-sbrkr.o)
 .ARM.attributes
                0x000004e8       0x34 c:/program files (x86)/atollic/truestudio for arm 5.4.2/armtools/bin/../lib/gcc/arm-atollic-eabi/4.8.3/../../../../arm-atollic-eabi/lib/armv7e-m/fpu\libc_s.a(lib_a-strlen.o)
 .ARM.attributes
                0x0000051c       0x34 c:/program files (x86)/atollic/truestudio for arm 5.4.2/armtools/bin/../lib/gcc/arm-atollic-eabi/4.8.3/../../../../arm-atollic-eabi/lib/armv7e-m/fpu\libc_s.a(lib_a-syscalls.o)
 .ARM.attributes
                0x00000550       0x34 c:/program files (x86)/atollic/truestudio for arm 5.4.2/armtools/bin/../lib/gcc/arm-atollic-eabi/4.8.3/../../../../arm-atollic-eabi/lib/armv7e-m/fpu\libc_s.a(lib_a-nano-msizer.o)
 .ARM.attributes
                0x00000584       0x34 c:/program files (x86)/atollic/truestudio for arm 5.4.2/armtools/bin/../lib/gcc/arm-atollic-eabi/4.8.3/../../../../arm-atollic-eabi/lib/armv7e-m/fpu\libc_s.a(lib_a-reent.o)
 .ARM.attributes
                0x000005b8       0x34 c:/program files (x86)/atollic/truestudio for arm 5.4.2/armtools/bin/../lib/gcc/arm-atollic-eabi/4.8.3/../../../../arm-atollic-eabi/lib/armv7e-m/fpu\libm.a(lib_a-s_cos.o)
 .ARM.attributes
                0x000005ec       0x34 c:/program files (x86)/atollic/truestudio for arm 5.4.2/armtools/bin/../lib/gcc/arm-atollic-eabi/4.8.3/../../../../arm-atollic-eabi/lib/armv7e-m/fpu\libm.a(lib_a-s_sin.o)
 .ARM.attributes
                0x00000620       0x34 c:/program files (x86)/atollic/truestudio for arm 5.4.2/armtools/bin/../lib/gcc/arm-atollic-eabi/4.8.3/../../../../arm-atollic-eabi/lib/armv7e-m/fpu\libm.a(lib_a-w_atan2.o)
 .ARM.attributes
                0x00000654       0x34 c:/program files (x86)/atollic/truestudio for arm 5.4.2/armtools/bin/../lib/gcc/arm-atollic-eabi/4.8.3/../../../../arm-atollic-eabi/lib/armv7e-m/fpu\libm.a(lib_a-wf_atan2.o)
 .ARM.attributes
                0x00000688       0x34 c:/program files (x86)/atollic/truestudio for arm 5.4.2/armtools/bin/../lib/gcc/arm-atollic-eabi/4.8.3/../../../../arm-atollic-eabi/lib/armv7e-m/fpu\libm.a(lib_a-e_atan2.o)
 .ARM.attributes
                0x000006bc       0x34 c:/program files (x86)/atollic/truestudio for arm 5.4.2/armtools/bin/../lib/gcc/arm-atollic-eabi/4.8.3/../../../../arm-atollic-eabi/lib/armv7e-m/fpu\libm.a(lib_a-e_rem_pio2.o)
 .ARM.attributes
                0x000006f0       0x34 c:/program files (x86)/atollic/truestudio for arm 5.4.2/armtools/bin/../lib/gcc/arm-atollic-eabi/4.8.3/../../../../arm-atollic-eabi/lib/armv7e-m/fpu\libm.a(lib_a-ef_atan2.o)
 .ARM.attributes
                0x00000724       0x34 c:/program files (x86)/atollic/truestudio for arm 5.4.2/armtools/bin/../lib/gcc/arm-atollic-eabi/4.8.3/../../../../arm-atollic-eabi/lib/armv7e-m/fpu\libm.a(lib_a-k_cos.o)
 .ARM.attributes
                0x00000758       0x34 c:/program files (x86)/atollic/truestudio for arm 5.4.2/armtools/bin/../lib/gcc/arm-atollic-eabi/4.8.3/../../../../arm-atollic-eabi/lib/armv7e-m/fpu\libm.a(lib_a-k_rem_pio2.o)
 .ARM.attributes
                0x0000078c       0x34 c:/program files (x86)/atollic/truestudio for arm 5.4.2/armtools/bin/../lib/gcc/arm-atollic-eabi/4.8.3/../../../../arm-atollic-eabi/lib/armv7e-m/fpu\libm.a(lib_a-k_sin.o)
 .ARM.attributes
                0x000007c0       0x34 c:/program files (x86)/atollic/truestudio for arm 5.4.2/armtools/bin/../lib/gcc/arm-atollic-eabi/4.8.3/../../../../arm-atollic-eabi/lib/armv7e-m/fpu\libm.a(lib_a-s_atan.o)
 .ARM.attributes
                0x000007f4       0x34 c:/program files (x86)/atollic/truestudio for arm 5.4.2/armtools/bin/../lib/gcc/arm-atollic-eabi/4.8.3/../../../../arm-atollic-eabi/lib/armv7e-m/fpu\libm.a(lib_a-s_fabs.o)
 .ARM.attributes
                0x00000828       0x34 c:/program files (x86)/atollic/truestudio for arm 5.4.2/armtools/bin/../lib/gcc/arm-atollic-eabi/4.8.3/../../../../arm-atollic-eabi/lib/armv7e-m/fpu\libm.a(lib_a-s_floor.o)
 .ARM.attributes
                0x0000085c       0x34 c:/program files (x86)/atollic/truestudio for arm 5.4.2/armtools/bin/../lib/gcc/arm-atollic-eabi/4.8.3/../../../../arm-atollic-eabi/lib/armv7e-m/fpu\libm.a(lib_a-s_scalbn.o)
 .ARM.attributes
                0x00000890       0x34 c:/program files (x86)/atollic/truestudio for arm 5.4.2/armtools/bin/../lib/gcc/arm-atollic-eabi/4.8.3/../../../../arm-atollic-eabi/lib/armv7e-m/fpu\libm.a(lib_a-sf_atan.o)
 .ARM.attributes
                0x000008c4       0x34 c:/program files (x86)/atollic/truestudio for arm 5.4.2/armtools/bin/../lib/gcc/arm-atollic-eabi/4.8.3/../../../../arm-atollic-eabi/lib/armv7e-m/fpu\libm.a(lib_a-sf_fabs.o)
 .ARM.attributes
                0x000008f8       0x34 c:/program files (x86)/atollic/truestudio for arm 5.4.2/armtools/bin/../lib/gcc/arm-atollic-eabi/4.8.3/../../../../arm-atollic-eabi/lib/armv7e-m/fpu\libm.a(lib_a-s_copysign.o)
 .ARM.attributes
                0x0000092c       0x22 c:/program files (x86)/atollic/truestudio for arm 5.4.2/armtools/bin/../lib/gcc/arm-atollic-eabi/4.8.3/armv7e-m/fpu\libgcc.a(_arm_addsubdf3.o)
 .ARM.attributes
                0x0000094e       0x22 c:/program files (x86)/atollic/truestudio for arm 5.4.2/armtools/bin/../lib/gcc/arm-atollic-eabi/4.8.3/armv7e-m/fpu\libgcc.a(_arm_muldivdf3.o)
 .ARM.attributes
                0x00000970       0x22 c:/program files (x86)/atollic/truestudio for arm 5.4.2/armtools/bin/../lib/gcc/arm-atollic-eabi/4.8.3/armv7e-m/fpu\libgcc.a(_arm_cmpdf2.o)
 .ARM.attributes
                0x00000992       0x22 c:/program files (x86)/atollic/truestudio for arm 5.4.2/armtools/bin/../lib/gcc/arm-atollic-eabi/4.8.3/armv7e-m/fpu\libgcc.a(_arm_fixdfsi.o)
 .ARM.attributes
                0x000009b4       0x22 c:/program files (x86)/atollic/truestudio for arm 5.4.2/armtools/bin/../lib/gcc/arm-atollic-eabi/4.8.3/armv7e-m/fpu\libgcc.a(_arm_truncdfsf2.o)
 .ARM.attributes
                0x000009d6       0x22 c:/program files (x86)/atollic/truestudio for arm 5.4.2/armtools/bin/../lib/gcc/arm-atollic-eabi/4.8.3/armv7e-m/fpu/crtn.o
OUTPUT(AgroQuad.elf elf32-littlearm)

.debug_info     0x00000000     0x729b
 .debug_info    0x00000000      0x554 src\system_stm32f4xx.o
 .debug_info    0x00000554      0x170 src\stm32f4xx_it.o
 .debug_info    0x000006c4       0x86 src\startup_stm32f40xx.o
 .debug_info    0x0000074a     0x21da src\main.o
 .debug_info    0x00002924      0x9c6 Libraries\STM32F4xx_StdPeriph_Driver\src\stm32f4xx_usart.o
 .debug_info    0x000032ea     0x1c65 Libraries\STM32F4xx_StdPeriph_Driver\src\stm32f4xx_tim.o
 .debug_info    0x00004f4f      0xc77 Libraries\STM32F4xx_StdPeriph_Driver\src\stm32f4xx_rcc.o
 .debug_info    0x00005bc6      0xb8b Libraries\STM32F4xx_StdPeriph_Driver\src\stm32f4xx_i2c.o
 .debug_info    0x00006751      0x609 Libraries\STM32F4xx_StdPeriph_Driver\src\stm32f4xx_gpio.o
 .debug_info    0x00006d5a      0x541 Libraries\STM32F4xx_StdPeriph_Driver\src\misc.o

.debug_abbrev   0x00000000      0xda6
 .debug_abbrev  0x00000000      0x117 src\system_stm32f4xx.o
 .debug_abbrev  0x00000117       0x78 src\stm32f4xx_it.o
 .debug_abbrev  0x0000018f       0x12 src\startup_stm32f40xx.o
 .debug_abbrev  0x000001a1      0x2ee src\main.o
 .debug_abbrev  0x0000048f      0x157 Libraries\STM32F4xx_StdPeriph_Driver\src\stm32f4xx_usart.o
 .debug_abbrev  0x000005e6      0x189 Libraries\STM32F4xx_StdPeriph_Driver\src\stm32f4xx_tim.o
 .debug_abbrev  0x0000076f      0x1e5 Libraries\STM32F4xx_StdPeriph_Driver\src\stm32f4xx_rcc.o
 .debug_abbrev  0x00000954      0x166 Libraries\STM32F4xx_StdPeriph_Driver\src\stm32f4xx_i2c.o
 .debug_abbrev  0x00000aba      0x1a5 Libraries\STM32F4xx_StdPeriph_Driver\src\stm32f4xx_gpio.o
 .debug_abbrev  0x00000c5f      0x147 Libraries\STM32F4xx_StdPeriph_Driver\src\misc.o

.debug_aranges  0x00000000      0x9b0
 .debug_aranges
                0x00000000       0x30 src\system_stm32f4xx.o
 .debug_aranges
                0x00000030       0x60 src\stm32f4xx_it.o
 .debug_aranges
                0x00000090       0x28 src\startup_stm32f40xx.o
 .debug_aranges
                0x000000b8      0x188 src\main.o
 .debug_aranges
                0x00000240      0x100 Libraries\STM32F4xx_StdPeriph_Driver\src\stm32f4xx_usart.o
 .debug_aranges
                0x00000340      0x2f8 Libraries\STM32F4xx_StdPeriph_Driver\src\stm32f4xx_tim.o
 .debug_aranges
                0x00000638      0x180 Libraries\STM32F4xx_StdPeriph_Driver\src\stm32f4xx_rcc.o
 .debug_aranges
                0x000007b8      0x130 Libraries\STM32F4xx_StdPeriph_Driver\src\stm32f4xx_i2c.o
 .debug_aranges
                0x000008e8       0x88 Libraries\STM32F4xx_StdPeriph_Driver\src\stm32f4xx_gpio.o
 .debug_aranges
                0x00000970       0x40 Libraries\STM32F4xx_StdPeriph_Driver\src\misc.o

.debug_ranges   0x00000000      0x918
 .debug_ranges  0x00000000       0x20 src\system_stm32f4xx.o
 .debug_ranges  0x00000020       0x50 src\stm32f4xx_it.o
 .debug_ranges  0x00000070       0x20 src\startup_stm32f40xx.o
 .debug_ranges  0x00000090      0x178 src\main.o
 .debug_ranges  0x00000208       0xf0 Libraries\STM32F4xx_StdPeriph_Driver\src\stm32f4xx_usart.o
 .debug_ranges  0x000002f8      0x2e8 Libraries\STM32F4xx_StdPeriph_Driver\src\stm32f4xx_tim.o
 .debug_ranges  0x000005e0      0x170 Libraries\STM32F4xx_StdPeriph_Driver\src\stm32f4xx_rcc.o
 .debug_ranges  0x00000750      0x120 Libraries\STM32F4xx_StdPeriph_Driver\src\stm32f4xx_i2c.o
 .debug_ranges  0x00000870       0x78 Libraries\STM32F4xx_StdPeriph_Driver\src\stm32f4xx_gpio.o
 .debug_ranges  0x000008e8       0x30 Libraries\STM32F4xx_StdPeriph_Driver\src\misc.o

.debug_line     0x00000000     0x2e2c
 .debug_line    0x00000000      0x1e8 src\system_stm32f4xx.o
 .debug_line    0x000001e8      0x1f3 src\stm32f4xx_it.o
 .debug_line    0x000003db       0x7a src\startup_stm32f40xx.o
 .debug_line    0x00000455      0xb18 src\main.o
 .debug_line    0x00000f6d      0x492 Libraries\STM32F4xx_StdPeriph_Driver\src\stm32f4xx_usart.o
 .debug_line    0x000013ff      0xa4f Libraries\STM32F4xx_StdPeriph_Driver\src\stm32f4xx_tim.o
 .debug_line    0x00001e4e      0x597 Libraries\STM32F4xx_StdPeriph_Driver\src\stm32f4xx_rcc.o
 .debug_line    0x000023e5      0x4ef Libraries\STM32F4xx_StdPeriph_Driver\src\stm32f4xx_i2c.o
 .debug_line    0x000028d4      0x329 Libraries\STM32F4xx_StdPeriph_Driver\src\stm32f4xx_gpio.o
 .debug_line    0x00002bfd      0x22f Libraries\STM32F4xx_StdPeriph_Driver\src\misc.o

.debug_str      0x00000000     0x2eee
 .debug_str     0x00000000      0x371 src\system_stm32f4xx.o
                                0x3d6 (size before relaxing)
 .debug_str     0x00000371       0xbb src\stm32f4xx_it.o
                                0x27b (size before relaxing)
 .debug_str     0x0000042c     0x1131 src\main.o
                               0x14de (size before relaxing)
 .debug_str     0x0000155d      0x3f8 Libraries\STM32F4xx_StdPeriph_Driver\src\stm32f4xx_usart.o
                                0x706 (size before relaxing)
 .debug_str     0x00001955      0xa79 Libraries\STM32F4xx_StdPeriph_Driver\src\stm32f4xx_tim.o
                                0xe47 (size before relaxing)
 .debug_str     0x000023ce      0x533 Libraries\STM32F4xx_StdPeriph_Driver\src\stm32f4xx_rcc.o
                                0x8f0 (size before relaxing)
 .debug_str     0x00002901      0x371 Libraries\STM32F4xx_StdPeriph_Driver\src\stm32f4xx_i2c.o
                                0x729 (size before relaxing)
 .debug_str     0x00002c72      0x186 Libraries\STM32F4xx_StdPeriph_Driver\src\stm32f4xx_gpio.o
                                0x51a (size before relaxing)
 .debug_str     0x00002df8       0xf6 Libraries\STM32F4xx_StdPeriph_Driver\src\misc.o
                                0x445 (size before relaxing)

.comment        0x00000000       0x82
 .comment       0x00000000       0x82 src\system_stm32f4xx.o
                                 0x83 (size before relaxing)
 .comment       0x00000000       0x83 src\stm32f4xx_it.o
 .comment       0x00000000       0x83 src\main.o
 .comment       0x00000000       0x83 Libraries\STM32F4xx_StdPeriph_Driver\src\stm32f4xx_usart.o
 .comment       0x00000000       0x83 Libraries\STM32F4xx_StdPeriph_Driver\src\stm32f4xx_tim.o
 .comment       0x00000000       0x83 Libraries\STM32F4xx_StdPeriph_Driver\src\stm32f4xx_rcc.o
 .comment       0x00000000       0x83 Libraries\STM32F4xx_StdPeriph_Driver\src\stm32f4xx_i2c.o
 .comment       0x00000000       0x83 Libraries\STM32F4xx_StdPeriph_Driver\src\stm32f4xx_gpio.o
 .comment       0x00000000       0x83 Libraries\STM32F4xx_StdPeriph_Driver\src\misc.o

.debug_frame    0x00000000     0x2724
 .debug_frame   0x00000000       0x60 src\system_stm32f4xx.o
 .debug_frame   0x00000060       0xe8 src\stm32f4xx_it.o
 .debug_frame   0x00000148      0x5bc src\main.o
 .debug_frame   0x00000704      0x344 Libraries\STM32F4xx_StdPeriph_Driver\src\stm32f4xx_usart.o
 .debug_frame   0x00000a48      0xa3c Libraries\STM32F4xx_StdPeriph_Driver\src\stm32f4xx_tim.o
 .debug_frame   0x00001484      0x4f4 Libraries\STM32F4xx_StdPeriph_Driver\src\stm32f4xx_rcc.o
 .debug_frame   0x00001978      0x3ec Libraries\STM32F4xx_StdPeriph_Driver\src\stm32f4xx_i2c.o
 .debug_frame   0x00001d64      0x19c Libraries\STM32F4xx_StdPeriph_Driver\src\stm32f4xx_gpio.o
 .debug_frame   0x00001f00       0x9c Libraries\STM32F4xx_StdPeriph_Driver\src\misc.o
 .debug_frame   0x00001f9c       0x2c c:/program files (x86)/atollic/truestudio for arm 5.4.2/armtools/bin/../lib/gcc/arm-atollic-eabi/4.8.3/../../../../arm-atollic-eabi/lib/armv7e-m/fpu\libc_s.a(lib_a-init.o)
 .debug_frame   0x00001fc8       0x58 c:/program files (x86)/atollic/truestudio for arm 5.4.2/armtools/bin/../lib/gcc/arm-atollic-eabi/4.8.3/../../../../arm-atollic-eabi/lib/armv7e-m/fpu\libc_s.a(lib_a-sprintf.o)
 .debug_frame   0x00002020       0x88 c:/program files (x86)/atollic/truestudio for arm 5.4.2/armtools/bin/../lib/gcc/arm-atollic-eabi/4.8.3/../../../../arm-atollic-eabi/lib/armv7e-m/fpu\libc_s.a(lib_a-svfprintf.o)
 .debug_frame   0x000020a8       0x60 c:/program files (x86)/atollic/truestudio for arm 5.4.2/armtools/bin/../lib/gcc/arm-atollic-eabi/4.8.3/../../../../arm-atollic-eabi/lib/armv7e-m/fpu\libc_s.a(lib_a-vfprintf_i.o)
 .debug_frame   0x00002108       0x28 c:/program files (x86)/atollic/truestudio for arm 5.4.2/armtools/bin/../lib/gcc/arm-atollic-eabi/4.8.3/../../../../arm-atollic-eabi/lib/armv7e-m/fpu\libc_s.a(lib_a-memchr-stub.o)
 .debug_frame   0x00002130       0x28 c:/program files (x86)/atollic/truestudio for arm 5.4.2/armtools/bin/../lib/gcc/arm-atollic-eabi/4.8.3/../../../../arm-atollic-eabi/lib/armv7e-m/fpu\libc_s.a(lib_a-memcpy-stub.o)
 .debug_frame   0x00002158       0x2c c:/program files (x86)/atollic/truestudio for arm 5.4.2/armtools/bin/../lib/gcc/arm-atollic-eabi/4.8.3/../../../../arm-atollic-eabi/lib/armv7e-m/fpu\libc_s.a(lib_a-memmove.o)
 .debug_frame   0x00002184       0x2c c:/program files (x86)/atollic/truestudio for arm 5.4.2/armtools/bin/../lib/gcc/arm-atollic-eabi/4.8.3/../../../../arm-atollic-eabi/lib/armv7e-m/fpu\libc_s.a(lib_a-nano-freer.o)
 .debug_frame   0x000021b0       0x2c c:/program files (x86)/atollic/truestudio for arm 5.4.2/armtools/bin/../lib/gcc/arm-atollic-eabi/4.8.3/../../../../arm-atollic-eabi/lib/armv7e-m/fpu\libc_s.a(lib_a-nano-mallocr.o)
 .debug_frame   0x000021dc       0x30 c:/program files (x86)/atollic/truestudio for arm 5.4.2/armtools/bin/../lib/gcc/arm-atollic-eabi/4.8.3/../../../../arm-atollic-eabi/lib/armv7e-m/fpu\libc_s.a(lib_a-nano-reallocr.o)
 .debug_frame   0x0000220c       0x2c c:/program files (x86)/atollic/truestudio for arm 5.4.2/armtools/bin/../lib/gcc/arm-atollic-eabi/4.8.3/../../../../arm-atollic-eabi/lib/armv7e-m/fpu\libc_s.a(lib_a-sbrkr.o)
 .debug_frame   0x00002238       0x20 c:/program files (x86)/atollic/truestudio for arm 5.4.2/armtools/bin/../lib/gcc/arm-atollic-eabi/4.8.3/../../../../arm-atollic-eabi/lib/armv7e-m/fpu\libc_s.a(lib_a-strlen.o)
 .debug_frame   0x00002258      0x14c c:/program files (x86)/atollic/truestudio for arm 5.4.2/armtools/bin/../lib/gcc/arm-atollic-eabi/4.8.3/../../../../arm-atollic-eabi/lib/armv7e-m/fpu\libc_s.a(lib_a-syscalls.o)
 .debug_frame   0x000023a4       0x20 c:/program files (x86)/atollic/truestudio for arm 5.4.2/armtools/bin/../lib/gcc/arm-atollic-eabi/4.8.3/../../../../arm-atollic-eabi/lib/armv7e-m/fpu\libc_s.a(lib_a-nano-msizer.o)
 .debug_frame   0x000023c4       0x48 c:/program files (x86)/atollic/truestudio for arm 5.4.2/armtools/bin/../lib/gcc/arm-atollic-eabi/4.8.3/../../../../arm-atollic-eabi/lib/armv7e-m/fpu\libc_s.a(lib_a-reent.o)
 .debug_frame   0x0000240c       0x30 c:/program files (x86)/atollic/truestudio for arm 5.4.2/armtools/bin/../lib/gcc/arm-atollic-eabi/4.8.3/../../../../arm-atollic-eabi/lib/armv7e-m/fpu\libm.a(lib_a-s_cos.o)
 .debug_frame   0x0000243c       0x30 c:/program files (x86)/atollic/truestudio for arm 5.4.2/armtools/bin/../lib/gcc/arm-atollic-eabi/4.8.3/../../../../arm-atollic-eabi/lib/armv7e-m/fpu\libm.a(lib_a-s_sin.o)
 .debug_frame   0x0000246c       0x20 c:/program files (x86)/atollic/truestudio for arm 5.4.2/armtools/bin/../lib/gcc/arm-atollic-eabi/4.8.3/../../../../arm-atollic-eabi/lib/armv7e-m/fpu\libm.a(lib_a-w_atan2.o)
 .debug_frame   0x0000248c       0x20 c:/program files (x86)/atollic/truestudio for arm 5.4.2/armtools/bin/../lib/gcc/arm-atollic-eabi/4.8.3/../../../../arm-atollic-eabi/lib/armv7e-m/fpu\libm.a(lib_a-wf_atan2.o)
 .debug_frame   0x000024ac       0x38 c:/program files (x86)/atollic/truestudio for arm 5.4.2/armtools/bin/../lib/gcc/arm-atollic-eabi/4.8.3/../../../../arm-atollic-eabi/lib/armv7e-m/fpu\libm.a(lib_a-e_atan2.o)
 .debug_frame   0x000024e4       0x38 c:/program files (x86)/atollic/truestudio for arm 5.4.2/armtools/bin/../lib/gcc/arm-atollic-eabi/4.8.3/../../../../arm-atollic-eabi/lib/armv7e-m/fpu\libm.a(lib_a-e_rem_pio2.o)
 .debug_frame   0x0000251c       0x28 c:/program files (x86)/atollic/truestudio for arm 5.4.2/armtools/bin/../lib/gcc/arm-atollic-eabi/4.8.3/../../../../arm-atollic-eabi/lib/armv7e-m/fpu\libm.a(lib_a-ef_atan2.o)
 .debug_frame   0x00002544       0x38 c:/program files (x86)/atollic/truestudio for arm 5.4.2/armtools/bin/../lib/gcc/arm-atollic-eabi/4.8.3/../../../../arm-atollic-eabi/lib/armv7e-m/fpu\libm.a(lib_a-k_cos.o)
 .debug_frame   0x0000257c       0x3c c:/program files (x86)/atollic/truestudio for arm 5.4.2/armtools/bin/../lib/gcc/arm-atollic-eabi/4.8.3/../../../../arm-atollic-eabi/lib/armv7e-m/fpu\libm.a(lib_a-k_rem_pio2.o)
 .debug_frame   0x000025b8       0x38 c:/program files (x86)/atollic/truestudio for arm 5.4.2/armtools/bin/../lib/gcc/arm-atollic-eabi/4.8.3/../../../../arm-atollic-eabi/lib/armv7e-m/fpu\libm.a(lib_a-k_sin.o)
 .debug_frame   0x000025f0       0x3c c:/program files (x86)/atollic/truestudio for arm 5.4.2/armtools/bin/../lib/gcc/arm-atollic-eabi/4.8.3/../../../../arm-atollic-eabi/lib/armv7e-m/fpu\libm.a(lib_a-s_atan.o)
 .debug_frame   0x0000262c       0x20 c:/program files (x86)/atollic/truestudio for arm 5.4.2/armtools/bin/../lib/gcc/arm-atollic-eabi/4.8.3/../../../../arm-atollic-eabi/lib/armv7e-m/fpu\libm.a(lib_a-s_fabs.o)
 .debug_frame   0x0000264c       0x34 c:/program files (x86)/atollic/truestudio for arm 5.4.2/armtools/bin/../lib/gcc/arm-atollic-eabi/4.8.3/../../../../arm-atollic-eabi/lib/armv7e-m/fpu\libm.a(lib_a-s_floor.o)
 .debug_frame   0x00002680       0x2c c:/program files (x86)/atollic/truestudio for arm 5.4.2/armtools/bin/../lib/gcc/arm-atollic-eabi/4.8.3/../../../../arm-atollic-eabi/lib/armv7e-m/fpu\libm.a(lib_a-s_scalbn.o)
 .debug_frame   0x000026ac       0x2c c:/program files (x86)/atollic/truestudio for arm 5.4.2/armtools/bin/../lib/gcc/arm-atollic-eabi/4.8.3/../../../../arm-atollic-eabi/lib/armv7e-m/fpu\libm.a(lib_a-sf_atan.o)
 .debug_frame   0x000026d8       0x20 c:/program files (x86)/atollic/truestudio for arm 5.4.2/armtools/bin/../lib/gcc/arm-atollic-eabi/4.8.3/../../../../arm-atollic-eabi/lib/armv7e-m/fpu\libm.a(lib_a-sf_fabs.o)
 .debug_frame   0x000026f8       0x2c c:/program files (x86)/atollic/truestudio for arm 5.4.2/armtools/bin/../lib/gcc/arm-atollic-eabi/4.8.3/../../../../arm-atollic-eabi/lib/armv7e-m/fpu\libm.a(lib_a-s_copysign.o)

Cross Reference Table

Symbol                                            File
ADC_AnalogWatchdogCmd                             Libraries\STM32F4xx_StdPeriph_Driver\src\stm32f4xx_adc.o
ADC_AnalogWatchdogSingleChannelConfig             Libraries\STM32F4xx_StdPeriph_Driver\src\stm32f4xx_adc.o
ADC_AnalogWatchdogThresholdsConfig                Libraries\STM32F4xx_StdPeriph_Driver\src\stm32f4xx_adc.o
ADC_AutoInjectedConvCmd                           Libraries\STM32F4xx_StdPeriph_Driver\src\stm32f4xx_adc.o
ADC_ClearFlag                                     Libraries\STM32F4xx_StdPeriph_Driver\src\stm32f4xx_adc.o
ADC_ClearITPendingBit                             Libraries\STM32F4xx_StdPeriph_Driver\src\stm32f4xx_adc.o
ADC_Cmd                                           Libraries\STM32F4xx_StdPeriph_Driver\src\stm32f4xx_adc.o
ADC_CommonInit                                    Libraries\STM32F4xx_StdPeriph_Driver\src\stm32f4xx_adc.o
ADC_CommonStructInit                              Libraries\STM32F4xx_StdPeriph_Driver\src\stm32f4xx_adc.o
ADC_ContinuousModeCmd                             Libraries\STM32F4xx_StdPeriph_Driver\src\stm32f4xx_adc.o
ADC_DMACmd                                        Libraries\STM32F4xx_StdPeriph_Driver\src\stm32f4xx_adc.o
ADC_DMARequestAfterLastTransferCmd                Libraries\STM32F4xx_StdPeriph_Driver\src\stm32f4xx_adc.o
ADC_DeInit                                        Libraries\STM32F4xx_StdPeriph_Driver\src\stm32f4xx_adc.o
ADC_DiscModeChannelCountConfig                    Libraries\STM32F4xx_StdPeriph_Driver\src\stm32f4xx_adc.o
ADC_DiscModeCmd                                   Libraries\STM32F4xx_StdPeriph_Driver\src\stm32f4xx_adc.o
ADC_EOCOnEachRegularChannelCmd                    Libraries\STM32F4xx_StdPeriph_Driver\src\stm32f4xx_adc.o
ADC_ExternalTrigInjectedConvConfig                Libraries\STM32F4xx_StdPeriph_Driver\src\stm32f4xx_adc.o
ADC_ExternalTrigInjectedConvEdgeConfig            Libraries\STM32F4xx_StdPeriph_Driver\src\stm32f4xx_adc.o
ADC_GetConversionValue                            Libraries\STM32F4xx_StdPeriph_Driver\src\stm32f4xx_adc.o
ADC_GetFlagStatus                                 Libraries\STM32F4xx_StdPeriph_Driver\src\stm32f4xx_adc.o
ADC_GetITStatus                                   Libraries\STM32F4xx_StdPeriph_Driver\src\stm32f4xx_adc.o
ADC_GetInjectedConversionValue                    Libraries\STM32F4xx_StdPeriph_Driver\src\stm32f4xx_adc.o
ADC_GetMultiModeConversionValue                   Libraries\STM32F4xx_StdPeriph_Driver\src\stm32f4xx_adc.o
ADC_GetSoftwareStartConvStatus                    Libraries\STM32F4xx_StdPeriph_Driver\src\stm32f4xx_adc.o
ADC_GetSoftwareStartInjectedConvCmdStatus         Libraries\STM32F4xx_StdPeriph_Driver\src\stm32f4xx_adc.o
ADC_IRQHandler                                    src\startup_stm32f40xx.o
ADC_ITConfig                                      Libraries\STM32F4xx_StdPeriph_Driver\src\stm32f4xx_adc.o
ADC_Init                                          Libraries\STM32F4xx_StdPeriph_Driver\src\stm32f4xx_adc.o
ADC_InjectedChannelConfig                         Libraries\STM32F4xx_StdPeriph_Driver\src\stm32f4xx_adc.o
ADC_InjectedDiscModeCmd                           Libraries\STM32F4xx_StdPeriph_Driver\src\stm32f4xx_adc.o
ADC_InjectedSequencerLengthConfig                 Libraries\STM32F4xx_StdPeriph_Driver\src\stm32f4xx_adc.o
ADC_MultiModeDMARequestAfterLastTransferCmd       Libraries\STM32F4xx_StdPeriph_Driver\src\stm32f4xx_adc.o
ADC_RegularChannelConfig                          Libraries\STM32F4xx_StdPeriph_Driver\src\stm32f4xx_adc.o
ADC_SetInjectedOffset                             Libraries\STM32F4xx_StdPeriph_Driver\src\stm32f4xx_adc.o
ADC_SoftwareStartConv                             Libraries\STM32F4xx_StdPeriph_Driver\src\stm32f4xx_adc.o
ADC_SoftwareStartInjectedConv                     Libraries\STM32F4xx_StdPeriph_Driver\src\stm32f4xx_adc.o
ADC_StructInit                                    Libraries\STM32F4xx_StdPeriph_Driver\src\stm32f4xx_adc.o
ADC_TempSensorVrefintCmd                          Libraries\STM32F4xx_StdPeriph_Driver\src\stm32f4xx_adc.o
ADC_VBATCmd                                       Libraries\STM32F4xx_StdPeriph_Driver\src\stm32f4xx_adc.o
AHBPrescTable                                     src\system_stm32f4xx.o
AcAcc_X                                           src\main.o
AcAcc_Y                                           src\main.o
AcAcc_Z                                           src\main.o
Acc_X                                             src\main.o
Acc_Y                                             src\main.o
Acc_Z                                             src\main.o
Baro_Val                                          src\main.o
BusFault_Handler                                  src\stm32f4xx_it.o
CAN1_RX0_IRQHandler                               src\startup_stm32f40xx.o
CAN1_RX1_IRQHandler                               src\startup_stm32f40xx.o
CAN1_SCE_IRQHandler                               src\startup_stm32f40xx.o
CAN1_TX_IRQHandler                                src\startup_stm32f40xx.o
CAN2_RX0_IRQHandler                               src\startup_stm32f40xx.o
CAN2_RX1_IRQHandler                               src\startup_stm32f40xx.o
CAN2_SCE_IRQHandler                               src\startup_stm32f40xx.o
CAN2_TX_IRQHandler                                src\startup_stm32f40xx.o
CAN_CancelTransmit                                Libraries\STM32F4xx_StdPeriph_Driver\src\stm32f4xx_can.o
CAN_ClearFlag                                     Libraries\STM32F4xx_StdPeriph_Driver\src\stm32f4xx_can.o
CAN_ClearITPendingBit                             Libraries\STM32F4xx_StdPeriph_Driver\src\stm32f4xx_can.o
CAN_DBGFreeze                                     Libraries\STM32F4xx_StdPeriph_Driver\src\stm32f4xx_can.o
CAN_DeInit                                        Libraries\STM32F4xx_StdPeriph_Driver\src\stm32f4xx_can.o
CAN_FIFORelease                                   Libraries\STM32F4xx_StdPeriph_Driver\src\stm32f4xx_can.o
CAN_FilterInit                                    Libraries\STM32F4xx_StdPeriph_Driver\src\stm32f4xx_can.o
CAN_GetFlagStatus                                 Libraries\STM32F4xx_StdPeriph_Driver\src\stm32f4xx_can.o
CAN_GetITStatus                                   Libraries\STM32F4xx_StdPeriph_Driver\src\stm32f4xx_can.o
CAN_GetLSBTransmitErrorCounter                    Libraries\STM32F4xx_StdPeriph_Driver\src\stm32f4xx_can.o
CAN_GetLastErrorCode                              Libraries\STM32F4xx_StdPeriph_Driver\src\stm32f4xx_can.o
CAN_GetReceiveErrorCounter                        Libraries\STM32F4xx_StdPeriph_Driver\src\stm32f4xx_can.o
CAN_ITConfig                                      Libraries\STM32F4xx_StdPeriph_Driver\src\stm32f4xx_can.o
CAN_Init                                          Libraries\STM32F4xx_StdPeriph_Driver\src\stm32f4xx_can.o
CAN_MessagePending                                Libraries\STM32F4xx_StdPeriph_Driver\src\stm32f4xx_can.o
CAN_OperatingModeRequest                          Libraries\STM32F4xx_StdPeriph_Driver\src\stm32f4xx_can.o
CAN_Receive                                       Libraries\STM32F4xx_StdPeriph_Driver\src\stm32f4xx_can.o
CAN_SlaveStartBank                                Libraries\STM32F4xx_StdPeriph_Driver\src\stm32f4xx_can.o
CAN_Sleep                                         Libraries\STM32F4xx_StdPeriph_Driver\src\stm32f4xx_can.o
CAN_StructInit                                    Libraries\STM32F4xx_StdPeriph_Driver\src\stm32f4xx_can.o
CAN_TTComModeCmd                                  Libraries\STM32F4xx_StdPeriph_Driver\src\stm32f4xx_can.o
CAN_Transmit                                      Libraries\STM32F4xx_StdPeriph_Driver\src\stm32f4xx_can.o
CAN_TransmitStatus                                Libraries\STM32F4xx_StdPeriph_Driver\src\stm32f4xx_can.o
CAN_WakeUp                                        Libraries\STM32F4xx_StdPeriph_Driver\src\stm32f4xx_can.o
CRC_CalcBlockCRC                                  Libraries\STM32F4xx_StdPeriph_Driver\src\stm32f4xx_crc.o
CRC_CalcCRC                                       Libraries\STM32F4xx_StdPeriph_Driver\src\stm32f4xx_crc.o
CRC_GetCRC                                        Libraries\STM32F4xx_StdPeriph_Driver\src\stm32f4xx_crc.o
CRC_GetIDRegister                                 Libraries\STM32F4xx_StdPeriph_Driver\src\stm32f4xx_crc.o
CRC_ResetDR                                       Libraries\STM32F4xx_StdPeriph_Driver\src\stm32f4xx_crc.o
CRC_SetIDRegister                                 Libraries\STM32F4xx_StdPeriph_Driver\src\stm32f4xx_crc.o
CRYP_AES_CBC                                      Libraries\STM32F4xx_StdPeriph_Driver\src\stm32f4xx_cryp_aes.o
CRYP_AES_CCM                                      Libraries\STM32F4xx_StdPeriph_Driver\src\stm32f4xx_cryp_aes.o
CRYP_AES_CTR                                      Libraries\STM32F4xx_StdPeriph_Driver\src\stm32f4xx_cryp_aes.o
CRYP_AES_ECB                                      Libraries\STM32F4xx_StdPeriph_Driver\src\stm32f4xx_cryp_aes.o
CRYP_AES_GCM                                      Libraries\STM32F4xx_StdPeriph_Driver\src\stm32f4xx_cryp_aes.o
CRYP_Cmd                                          Libraries\STM32F4xx_StdPeriph_Driver\src\stm32f4xx_cryp.o
                                                  Libraries\STM32F4xx_StdPeriph_Driver\src\stm32f4xx_cryp_aes.o
                                                  Libraries\STM32F4xx_StdPeriph_Driver\src\stm32f4xx_cryp_des.o
                                                  Libraries\STM32F4xx_StdPeriph_Driver\src\stm32f4xx_cryp_tdes.o
CRYP_DES_CBC                                      Libraries\STM32F4xx_StdPeriph_Driver\src\stm32f4xx_cryp_des.o
CRYP_DES_ECB                                      Libraries\STM32F4xx_StdPeriph_Driver\src\stm32f4xx_cryp_des.o
CRYP_DMACmd                                       Libraries\STM32F4xx_StdPeriph_Driver\src\stm32f4xx_cryp.o
CRYP_DataIn                                       Libraries\STM32F4xx_StdPeriph_Driver\src\stm32f4xx_cryp.o
                                                  Libraries\STM32F4xx_StdPeriph_Driver\src\stm32f4xx_cryp_aes.o
                                                  Libraries\STM32F4xx_StdPeriph_Driver\src\stm32f4xx_cryp_des.o
                                                  Libraries\STM32F4xx_StdPeriph_Driver\src\stm32f4xx_cryp_tdes.o
CRYP_DataOut                                      Libraries\STM32F4xx_StdPeriph_Driver\src\stm32f4xx_cryp.o
                                                  Libraries\STM32F4xx_StdPeriph_Driver\src\stm32f4xx_cryp_aes.o
                                                  Libraries\STM32F4xx_StdPeriph_Driver\src\stm32f4xx_cryp_des.o
                                                  Libraries\STM32F4xx_StdPeriph_Driver\src\stm32f4xx_cryp_tdes.o
CRYP_DeInit                                       Libraries\STM32F4xx_StdPeriph_Driver\src\stm32f4xx_cryp.o
CRYP_FIFOFlush                                    Libraries\STM32F4xx_StdPeriph_Driver\src\stm32f4xx_cryp.o
                                                  Libraries\STM32F4xx_StdPeriph_Driver\src\stm32f4xx_cryp_aes.o
                                                  Libraries\STM32F4xx_StdPeriph_Driver\src\stm32f4xx_cryp_des.o
                                                  Libraries\STM32F4xx_StdPeriph_Driver\src\stm32f4xx_cryp_tdes.o
CRYP_GetCmdStatus                                 Libraries\STM32F4xx_StdPeriph_Driver\src\stm32f4xx_cryp.o
                                                  Libraries\STM32F4xx_StdPeriph_Driver\src\stm32f4xx_cryp_aes.o
                                                  Libraries\STM32F4xx_StdPeriph_Driver\src\stm32f4xx_cryp_des.o
                                                  Libraries\STM32F4xx_StdPeriph_Driver\src\stm32f4xx_cryp_tdes.o
CRYP_GetFlagStatus                                Libraries\STM32F4xx_StdPeriph_Driver\src\stm32f4xx_cryp.o
                                                  Libraries\STM32F4xx_StdPeriph_Driver\src\stm32f4xx_cryp_aes.o
                                                  Libraries\STM32F4xx_StdPeriph_Driver\src\stm32f4xx_cryp_des.o
                                                  Libraries\STM32F4xx_StdPeriph_Driver\src\stm32f4xx_cryp_tdes.o
CRYP_GetITStatus                                  Libraries\STM32F4xx_StdPeriph_Driver\src\stm32f4xx_cryp.o
CRYP_IRQHandler                                   src\startup_stm32f40xx.o
CRYP_ITConfig                                     Libraries\STM32F4xx_StdPeriph_Driver\src\stm32f4xx_cryp.o
CRYP_IVInit                                       Libraries\STM32F4xx_StdPeriph_Driver\src\stm32f4xx_cryp.o
                                                  Libraries\STM32F4xx_StdPeriph_Driver\src\stm32f4xx_cryp_aes.o
                                                  Libraries\STM32F4xx_StdPeriph_Driver\src\stm32f4xx_cryp_des.o
                                                  Libraries\STM32F4xx_StdPeriph_Driver\src\stm32f4xx_cryp_tdes.o
CRYP_IVStructInit                                 Libraries\STM32F4xx_StdPeriph_Driver\src\stm32f4xx_cryp.o
CRYP_Init                                         Libraries\STM32F4xx_StdPeriph_Driver\src\stm32f4xx_cryp.o
                                                  Libraries\STM32F4xx_StdPeriph_Driver\src\stm32f4xx_cryp_aes.o
                                                  Libraries\STM32F4xx_StdPeriph_Driver\src\stm32f4xx_cryp_des.o
                                                  Libraries\STM32F4xx_StdPeriph_Driver\src\stm32f4xx_cryp_tdes.o
CRYP_KeyInit                                      Libraries\STM32F4xx_StdPeriph_Driver\src\stm32f4xx_cryp.o
                                                  Libraries\STM32F4xx_StdPeriph_Driver\src\stm32f4xx_cryp_aes.o
                                                  Libraries\STM32F4xx_StdPeriph_Driver\src\stm32f4xx_cryp_des.o
                                                  Libraries\STM32F4xx_StdPeriph_Driver\src\stm32f4xx_cryp_tdes.o
CRYP_KeyStructInit                                Libraries\STM32F4xx_StdPeriph_Driver\src\stm32f4xx_cryp.o
                                                  Libraries\STM32F4xx_StdPeriph_Driver\src\stm32f4xx_cryp_aes.o
                                                  Libraries\STM32F4xx_StdPeriph_Driver\src\stm32f4xx_cryp_des.o
                                                  Libraries\STM32F4xx_StdPeriph_Driver\src\stm32f4xx_cryp_tdes.o
CRYP_PhaseConfig                                  Libraries\STM32F4xx_StdPeriph_Driver\src\stm32f4xx_cryp.o
                                                  Libraries\STM32F4xx_StdPeriph_Driver\src\stm32f4xx_cryp_aes.o
CRYP_RestoreContext                               Libraries\STM32F4xx_StdPeriph_Driver\src\stm32f4xx_cryp.o
CRYP_SaveContext                                  Libraries\STM32F4xx_StdPeriph_Driver\src\stm32f4xx_cryp.o
CRYP_StructInit                                   Libraries\STM32F4xx_StdPeriph_Driver\src\stm32f4xx_cryp.o
CRYP_TDES_CBC                                     Libraries\STM32F4xx_StdPeriph_Driver\src\stm32f4xx_cryp_tdes.o
CRYP_TDES_ECB                                     Libraries\STM32F4xx_StdPeriph_Driver\src\stm32f4xx_cryp_tdes.o
CalAcc_X                                          src\main.o
CalAcc_Y                                          src\main.o
CalAcc_Z                                          src\main.o
Cal_Acc_X                                         src\main.o
Cal_Acc_Y                                         src\main.o
Cal_Acc_Z                                         src\main.o
Cal_Baro_Val                                      src\main.o
Cal_Gyro_X                                        src\main.o
Cal_Gyro_Y                                        src\main.o
Cal_Gyro_Z                                        src\main.o
Cal_Mag_X                                         src\main.o
Cal_Mag_Y                                         src\main.o
Cal_Mag_Z                                         src\main.o
Cal_pitch                                         src\main.o
Cal_roll                                          src\main.o
Cal_yaw                                           src\main.o
Calibrate_AllParams                               src\main.o
ComplementaryFilter                               src\main.o
ComplexComplementaryFilter                        src\main.o
ConState                                          src\main.o
                                                  src\stm32f4xx_it.o
ConvertFloattoInt                                 src\main.o
DAC_ClearFlag                                     Libraries\STM32F4xx_StdPeriph_Driver\src\stm32f4xx_dac.o
DAC_ClearITPendingBit                             Libraries\STM32F4xx_StdPeriph_Driver\src\stm32f4xx_dac.o
DAC_Cmd                                           Libraries\STM32F4xx_StdPeriph_Driver\src\stm32f4xx_dac.o
DAC_DMACmd                                        Libraries\STM32F4xx_StdPeriph_Driver\src\stm32f4xx_dac.o
DAC_DeInit                                        Libraries\STM32F4xx_StdPeriph_Driver\src\stm32f4xx_dac.o
DAC_DualSoftwareTriggerCmd                        Libraries\STM32F4xx_StdPeriph_Driver\src\stm32f4xx_dac.o
DAC_GetDataOutputValue                            Libraries\STM32F4xx_StdPeriph_Driver\src\stm32f4xx_dac.o
DAC_GetFlagStatus                                 Libraries\STM32F4xx_StdPeriph_Driver\src\stm32f4xx_dac.o
DAC_GetITStatus                                   Libraries\STM32F4xx_StdPeriph_Driver\src\stm32f4xx_dac.o
DAC_ITConfig                                      Libraries\STM32F4xx_StdPeriph_Driver\src\stm32f4xx_dac.o
DAC_Init                                          Libraries\STM32F4xx_StdPeriph_Driver\src\stm32f4xx_dac.o
DAC_SetChannel1Data                               Libraries\STM32F4xx_StdPeriph_Driver\src\stm32f4xx_dac.o
DAC_SetChannel2Data                               Libraries\STM32F4xx_StdPeriph_Driver\src\stm32f4xx_dac.o
DAC_SetDualChannelData                            Libraries\STM32F4xx_StdPeriph_Driver\src\stm32f4xx_dac.o
DAC_SoftwareTriggerCmd                            Libraries\STM32F4xx_StdPeriph_Driver\src\stm32f4xx_dac.o
DAC_StructInit                                    Libraries\STM32F4xx_StdPeriph_Driver\src\stm32f4xx_dac.o
DAC_WaveGenerationCmd                             Libraries\STM32F4xx_StdPeriph_Driver\src\stm32f4xx_dac.o
DBGMCU_APB1PeriphConfig                           Libraries\STM32F4xx_StdPeriph_Driver\src\stm32f4xx_dbgmcu.o
DBGMCU_APB2PeriphConfig                           Libraries\STM32F4xx_StdPeriph_Driver\src\stm32f4xx_dbgmcu.o
DBGMCU_Config                                     Libraries\STM32F4xx_StdPeriph_Driver\src\stm32f4xx_dbgmcu.o
DBGMCU_GetDEVID                                   Libraries\STM32F4xx_StdPeriph_Driver\src\stm32f4xx_dbgmcu.o
DBGMCU_GetREVID                                   Libraries\STM32F4xx_StdPeriph_Driver\src\stm32f4xx_dbgmcu.o
DCMI_CROPCmd                                      Libraries\STM32F4xx_StdPeriph_Driver\src\stm32f4xx_dcmi.o
DCMI_CROPConfig                                   Libraries\STM32F4xx_StdPeriph_Driver\src\stm32f4xx_dcmi.o
DCMI_CaptureCmd                                   Libraries\STM32F4xx_StdPeriph_Driver\src\stm32f4xx_dcmi.o
DCMI_ClearFlag                                    Libraries\STM32F4xx_StdPeriph_Driver\src\stm32f4xx_dcmi.o
DCMI_ClearITPendingBit                            Libraries\STM32F4xx_StdPeriph_Driver\src\stm32f4xx_dcmi.o
DCMI_Cmd                                          Libraries\STM32F4xx_StdPeriph_Driver\src\stm32f4xx_dcmi.o
DCMI_DeInit                                       Libraries\STM32F4xx_StdPeriph_Driver\src\stm32f4xx_dcmi.o
DCMI_GetFlagStatus                                Libraries\STM32F4xx_StdPeriph_Driver\src\stm32f4xx_dcmi.o
DCMI_GetITStatus                                  Libraries\STM32F4xx_StdPeriph_Driver\src\stm32f4xx_dcmi.o
DCMI_IRQHandler                                   src\startup_stm32f40xx.o
DCMI_ITConfig                                     Libraries\STM32F4xx_StdPeriph_Driver\src\stm32f4xx_dcmi.o
DCMI_Init                                         Libraries\STM32F4xx_StdPeriph_Driver\src\stm32f4xx_dcmi.o
DCMI_JPEGCmd                                      Libraries\STM32F4xx_StdPeriph_Driver\src\stm32f4xx_dcmi.o
DCMI_ReadData                                     Libraries\STM32F4xx_StdPeriph_Driver\src\stm32f4xx_dcmi.o
DCMI_SetEmbeddedSynchroCodes                      Libraries\STM32F4xx_StdPeriph_Driver\src\stm32f4xx_dcmi.o
DCMI_StructInit                                   Libraries\STM32F4xx_StdPeriph_Driver\src\stm32f4xx_dcmi.o
DMA1_Stream0_IRQHandler                           src\startup_stm32f40xx.o
DMA1_Stream1_IRQHandler                           src\startup_stm32f40xx.o
DMA1_Stream2_IRQHandler                           src\startup_stm32f40xx.o
DMA1_Stream3_IRQHandler                           src\startup_stm32f40xx.o
DMA1_Stream4_IRQHandler                           src\startup_stm32f40xx.o